Archive member included to satisfy reference by file (symbol)

/n64_toolchain/mips64-elf/lib/libdragon.a(entrypoint.o)
                              (_start)
/n64_toolchain/mips64-elf/lib/libdragon.a(debug.o)
                              /n64_toolchain/mips64-elf/lib/libdragon.a(entrypoint.o) (debug_assert_func)
/n64_toolchain/mips64-elf/lib/libdragon.a(usb.o)
                              /n64_toolchain/mips64-elf/lib/libdragon.a(debug.o) (usb_initialize)
/n64_toolchain/mips64-elf/lib/libdragon.a(ff.o)
                              /n64_toolchain/mips64-elf/lib/libdragon.a(debug.o) (f_mount)
/n64_toolchain/mips64-elf/lib/libdragon.a(ffunicode.o)
                              /n64_toolchain/mips64-elf/lib/libdragon.a(ff.o) (ff_uni2oem)
/n64_toolchain/mips64-elf/lib/libdragon.a(console.o)
                              /n64_toolchain/mips64-elf/lib/libdragon.a(debug.o) (console_set_render_mode)
/n64_toolchain/mips64-elf/lib/libdragon.a(graphics.o)
                              /n64_toolchain/mips64-elf/lib/libdragon.a(console.o) (graphics_set_color)
/n64_toolchain/mips64-elf/lib/libdragon.a(dma.o)
                              /n64_toolchain/mips64-elf/lib/libdragon.a(debug.o) (dma_write_raw_async)
/n64_toolchain/mips64-elf/lib/libdragon.a(do_ctors.o)
                              /n64_toolchain/mips64-elf/lib/libdragon.a(entrypoint.o) (__wrap___do_global_ctors)
/n64_toolchain/mips64-elf/lib/libdragon.a(n64sys.o)
                              /n64_toolchain/mips64-elf/lib/libdragon.a(debug.o) (sys_bbplayer)
/n64_toolchain/mips64-elf/lib/libdragon.a(interrupt.o)
                              /n64_toolchain/mips64-elf/lib/libdragon.a(usb.o) (disable_interrupts)
/n64_toolchain/mips64-elf/lib/libdragon.a(inthandler.o)
                              /n64_toolchain/mips64-elf/lib/libdragon.a(entrypoint.o) (inthandler)
/n64_toolchain/mips64-elf/lib/libdragon.a(display.o)
                              /n64_toolchain/mips64-elf/lib/libdragon.a(graphics.o) (__safe_buffer)
/n64_toolchain/mips64-elf/lib/libdragon.a(exception.o)
                              /n64_toolchain/mips64-elf/lib/libdragon.a(inthandler.o) (__onCriticalException)
/n64_toolchain/mips64-elf/lib/libdragonsys.a(system.o)
                              /n64_toolchain/mips64-elf/lib/libdragon.a(debug.o) (attach_filesystem)
/n64_toolchain/lib/gcc/mips64-elf/11.2.0/../../../../mips64-elf/lib/libdragon.a(dragonfs.o)
                              build/main.o (dfs_open)
/n64_toolchain/lib/gcc/mips64-elf/11.2.0/../../../../mips64-elf/lib/libdragon.a(controller.o)
                              build/main.o (controller_init)
/n64_toolchain/lib/gcc/mips64-elf/11.2.0/../../../../mips64-elf/lib/libdragon.a(rdp.o)
                              build/main.o (rdp_init)
/n64_toolchain/lib/gcc/mips64-elf/11.2.0/../../../../mips64-elf/lib/libdragon.a(timer.o)
                              build/main.o (timer_init)
/n64_toolchain/lib/gcc/mips64-elf/11.2.0/../../../../mips64-elf/lib/libdragon.a(joybus.o)
                              /n64_toolchain/lib/gcc/mips64-elf/11.2.0/../../../../mips64-elf/lib/libdragon.a(controller.o) (joybus_exec_async)
/n64_toolchain/lib/gcc/mips64-elf/11.2.0/../../../../mips64-elf/lib/libc.a(lib_a-abort.o)
                              /n64_toolchain/mips64-elf/lib/libdragon.a(debug.o) (abort)
/n64_toolchain/lib/gcc/mips64-elf/11.2.0/../../../../mips64-elf/lib/libc.a(lib_a-fflush.o)
                              /n64_toolchain/mips64-elf/lib/libdragon.a(console.o) (fflush)
/n64_toolchain/lib/gcc/mips64-elf/11.2.0/../../../../mips64-elf/lib/libc.a(lib_a-findfp.o)
                              /n64_toolchain/lib/gcc/mips64-elf/11.2.0/../../../../mips64-elf/lib/libc.a(lib_a-fflush.o) (__sinit)
/n64_toolchain/lib/gcc/mips64-elf/11.2.0/../../../../mips64-elf/lib/libc.a(lib_a-fopen.o)
                              /n64_toolchain/mips64-elf/lib/libdragon.a(debug.o) (fopen)
/n64_toolchain/lib/gcc/mips64-elf/11.2.0/../../../../mips64-elf/lib/libc.a(lib_a-fprintf.o)
                              /n64_toolchain/mips64-elf/lib/libdragon.a(debug.o) (fprintf)
/n64_toolchain/lib/gcc/mips64-elf/11.2.0/../../../../mips64-elf/lib/libc.a(lib_a-fputc.o)
                              /n64_toolchain/mips64-elf/lib/libdragon.a(debug.o) (fputc)
/n64_toolchain/lib/gcc/mips64-elf/11.2.0/../../../../mips64-elf/lib/libc.a(lib_a-freer.o)
                              /n64_toolchain/lib/gcc/mips64-elf/11.2.0/../../../../mips64-elf/lib/libc.a(lib_a-fflush.o) (_free_r)
/n64_toolchain/lib/gcc/mips64-elf/11.2.0/../../../../mips64-elf/lib/libc.a(lib_a-fseek.o)
                              /n64_toolchain/lib/gcc/mips64-elf/11.2.0/../../../../mips64-elf/lib/libc.a(lib_a-fopen.o) (_fseek_r)
/n64_toolchain/lib/gcc/mips64-elf/11.2.0/../../../../mips64-elf/lib/libc.a(lib_a-fseeko.o)
                              /n64_toolchain/lib/gcc/mips64-elf/11.2.0/../../../../mips64-elf/lib/libc.a(lib_a-fseek.o) (_fseeko_r)
[...]
Memory Configuration

Name             Origin             Length             Attributes
mem              0x0000000080000000 0x0000000000400000
*default*        0x0000000000000000 0xffffffffffffffff

Linker script and memory map

LOAD /n64_toolchain/lib/gcc/mips64-elf/11.2.0/crti.o
LOAD /n64_toolchain/lib/gcc/mips64-elf/11.2.0/crtbegin.o
LOAD /n64_toolchain/mips64-elf/lib/libdragon.a
LOAD /n64_toolchain/mips64-elf/lib/libdragonsys.a
LOAD build/main.o
LOAD /n64_toolchain/lib/gcc/mips64-elf/11.2.0/../../../../mips64-elf/lib/libdragon.a
LOAD /n64_toolchain/lib/gcc/mips64-elf/11.2.0/../../../../mips64-elf/lib/libm.a
LOAD /n64_toolchain/lib/gcc/mips64-elf/11.2.0/../../../../mips64-elf/lib/libdragonsys.a
                0x0000000080000000                __kseg0_start = 0x80000000
                0x0000000080000400                __libdragon_text_start = (__kseg0_start + 0x400)

.text           0x0000000080000400     0xfd50
 *(.boot)
 .boot          0x0000000080000400      0x198 /n64_toolchain/mips64-elf/lib/libdragon.a(entrypoint.o)
                0x0000000080000400                _start
                0x00000000800005a0                . = ALIGN (0x10)
 *fill*         0x0000000080000598        0x8 
                0x00000000800005a0                __text_start = .
 *(.text)
 .text          0x00000000800005a0      0x2f4 /n64_toolchain/mips64-elf/lib/libdragon.a(inthandler.o)
                0x00000000800005a0                inthandler
 *fill*         0x0000000080000894        0x4 
 .text          0x0000000080000898       0x18 /n64_toolchain/lib/gcc/mips64-elf/11.2.0/../../../../mips64-elf/lib/libc.a(lib_a-abort.o)
                0x0000000080000898                abort
 .text          0x00000000800008b0      0x358 /n64_toolchain/lib/gcc/mips64-elf/11.2.0/../../../../mips64-elf/lib/libc.a(lib_a-fflush.o)
                0x00000000800008b0                __sflush_r
                0x0000000080000b18                _fflush_r
                0x0000000080000b80                fflush
 .text          0x0000000080000c08      0x3c8 /n64_toolchain/lib/gcc/mips64-elf/11.2.0/../../../../mips64-elf/lib/libc.a(lib_a-findfp.o)
                0x0000000080000c10                _cleanup_r
                0x0000000080000da8                __sfmoreglue
                0x0000000080000e20                __sfp
                0x0000000080000f60                _cleanup
                0x0000000080000f70                __sinit
                0x0000000080000f90                __sfp_lock_acquire
                0x0000000080000f98                __sfp_lock_release
                0x0000000080000fa0                __sinit_lock_acquire
                0x0000000080000fa8                __sinit_lock_release
                0x0000000080000fb0                __fp_lock_all
                0x0000000080000fc0                __fp_unlock_all
 .text          0x0000000080000fd0       0x68 /n64_toolchain/lib/gcc/mips64-elf/11.2.0/../../../../mips64-elf/lib/libc.a(lib_a-fprintf.o)
                0x0000000080000fd0                _fprintf_r
                0x0000000080000ff8                fprintf
 .text          0x0000000080001038       0xd0 /n64_toolchain/lib/gcc/mips64-elf/11.2.0/../../../../mips64-elf/lib/libc.a(lib_a-fputc.o)
                0x0000000080001038                _fputc_r
                0x0000000080001098                fputc
 .text          0x0000000080001108      0x480 /n64_toolchain/lib/gcc/mips64-elf/11.2.0/../../../../mips64-elf/lib/libc.a(lib_a-freer.o)
                0x0000000080001108                _malloc_trim_r
                0x0000000080001238                _free_r
 .text          0x0000000080001588       0x58 /n64_toolchain/lib/gcc/mips64-elf/11.2.0/../../../../mips64-elf/lib/libc.a(lib_a-fstatr.o)
                0x0000000080001588                _fstat_r
 .text          0x00000000800015e0      0x170 /n64_toolchain/lib/gcc/mips64-elf/11.2.0/../../../../mips64-elf/lib/libc.a(lib_a-fwalk.o)
                0x00000000800015e0                _fwalk
                0x0000000080001690                _fwalk_reent
 .text          0x0000000080001750      0x1f8 /n64_toolchain/lib/gcc/mips64-elf/11.2.0/../../../../mips64-elf/lib/libc.a(lib_a-fwrite.o)
                0x0000000080001750                _fwrite_r
                0x0000000080001858                fwrite
 .text          0x0000000080001948      0x288 /n64_toolchain/lib/gcc/mips64-elf/11.2.0/../../../../mips64-elf/lib/libc.a(lib_a-makebuf.o)
                0x0000000080001948                __smakebuf_r
                0x0000000080001b00                __swhatbuf_r
 .text          0x0000000080001bd0       0x18 /n64_toolchain/lib/gcc/mips64-elf/11.2.0/../../../../mips64-elf/lib/libc.a(lib_a-malign.o)
                0x0000000080001bd0                memalign
 .text          0x0000000080001be8      0x200 /n64_toolchain/lib/gcc/mips64-elf/11.2.0/../../../../mips64-elf/lib/libc.a(lib_a-malignr.o)
                0x0000000080001be8                _memalign_r
 .text          0x0000000080001de8       0x20 /n64_toolchain/lib/gcc/mips64-elf/11.2.0/../../../../mips64-elf/lib/libc.a(lib_a-malloc.o)
                0x0000000080001de8                malloc
                0x0000000080001df8                free
 .text          0x0000000080001e08      0x898 /n64_toolchain/lib/gcc/mips64-elf/11.2.0/../../../../mips64-elf/lib/libc.a(lib_a-mallocr.o)
                0x0000000080001e08                _malloc_r
 .text          0x00000000800026a0      0x370 /n64_toolchain/lib/gcc/mips64-elf/11.2.0/../../../../mips64-elf/lib/libc.a(lib_a-memcpy.o)
                0x00000000800026a0                memcpy
 .text          0x0000000080002a10      0x150 /n64_toolchain/lib/gcc/mips64-elf/11.2.0/../../../../mips64-elf/lib/libc.a(lib_a-memmove.o)
                0x0000000080002a10                memmove
 .text          0x0000000080002b60      0x11c /n64_toolchain/lib/gcc/mips64-elf/11.2.0/../../../../mips64-elf/lib/libc.a(lib_a-memset.o)
                0x0000000080002b60                memset
 *fill*         0x0000000080002c7c        0x4 
 .text          0x0000000080002c80       0x10 /n64_toolchain/lib/gcc/mips64-elf/11.2.0/../../../../mips64-elf/lib/libc.a(lib_a-mlock.o)
                0x0000000080002c80                __malloc_lock
                0x0000000080002c88                __malloc_unlock
 .text          0x0000000080002c90       0x70 /n64_toolchain/lib/gcc/mips64-elf/11.2.0/../../../../mips64-elf/lib/libc.a(lib_a-printf.o)
                0x0000000080002c90                _printf_r
                0x0000000080002cc0                printf
 .text          0x0000000080002d00      0x160 /n64_toolchain/lib/gcc/mips64-elf/11.2.0/../../../../mips64-elf/lib/libc.a(lib_a-putc.o)
                0x0000000080002d00                _putc_r
                0x0000000080002da8                putc
 .text          0x0000000080002e60       0x50 /n64_toolchain/lib/gcc/mips64-elf/11.2.0/../../../../mips64-elf/lib/libc.a(lib_a-sbrkr.o)
                0x0000000080002e60                _sbrk_r
 .text          0x0000000080002eb0      0x5d8 /n64_toolchain/lib/gcc/mips64-elf/11.2.0/../../../../mips64-elf/lib/libc.a(lib_a-signal.o)
                0x0000000080002eb0                _init_signal_r
                0x0000000080002f18                _signal_r
                0x0000000080002fd0                _raise_r
                0x00000000800030a0                __sigtramp_r
                0x0000000080003190                raise
                0x0000000080003270                signal
                0x0000000080003330                _init_signal
                0x00000000800033a0                __sigtramp
 .text          0x0000000080003488       0x60 /n64_toolchain/lib/gcc/mips64-elf/11.2.0/../../../../mips64-elf/lib/libc.a(lib_a-signalr.o)
                0x0000000080003488                _kill_r
                0x00000000800034e0                _getpid_r
 .text          0x00000000800034e8      0x188 /n64_toolchain/lib/gcc/mips64-elf/11.2.0/../../../../mips64-elf/lib/libc.a(lib_a-stdio.o)
                0x00000000800034e8                __sread
                0x0000000080003540                __seofread
                0x0000000080003548                __swrite
                0x0000000080003608                __sseek
                0x0000000080003668                __sclose
 .text          0x0000000080003670      0x240 /n64_toolchain/lib/gcc/mips64-elf/11.2.0/../../../../mips64-elf/lib/libc.a(lib_a-strcmp.o)
                0x0000000080003670                strcmp
 .text          0x00000000800038b0       0xa8 /n64_toolchain/lib/gcc/mips64-elf/11.2.0/../../../../mips64-elf/lib/libc.a(lib_a-strcpy.o)
                0x00000000800038b0                strcpy
 .text          0x0000000080003958       0x18 /n64_toolchain/lib/gcc/mips64-elf/11.2.0/../../../../mips64-elf/lib/libc.a(lib_a-strlen.o)
                0x0000000080003958                strlen
 .text          0x0000000080003970     0x20b0 /n64_toolchain/lib/gcc/mips64-elf/11.2.0/../../../../mips64-elf/lib/libc.a(lib_a-vfprintf.o)
                0x0000000080003970                _vfprintf_r
                0x0000000080005938                vfprintf
 .text          0x0000000080005a20      0x1b8 /n64_toolchain/lib/gcc/mips64-elf/11.2.0/../../../../mips64-elf/lib/libc.a(lib_a-wbuf.o)
                0x0000000080005a20                __swbuf_r
                0x0000000080005bc0                __swbuf
 .text          0x0000000080005bd8       0x60 /n64_toolchain/lib/gcc/mips64-elf/11.2.0/../../../../mips64-elf/lib/libc.a(lib_a-writer.o)
                0x0000000080005bd8                _write_r
 .text          0x0000000080005c38      0x178 /n64_toolchain/lib/gcc/mips64-elf/11.2.0/../../../../mips64-elf/lib/libc.a(lib_a-wsetup.o)
                0x0000000080005c38                __swsetup_r
 .text          0x0000000080005db0       0x50 /n64_toolchain/lib/gcc/mips64-elf/11.2.0/../../../../mips64-elf/lib/libc.a(lib_a-closer.o)
                0x0000000080005db0                _close_r
 .text          0x0000000080005e00     0x1678 /n64_toolchain/lib/gcc/mips64-elf/11.2.0/../../../../mips64-elf/lib/libc.a(lib_a-dtoa.o)
                0x0000000080006050                _dtoa_r
 .text          0x0000000080007478      0x150 /n64_toolchain/lib/gcc/mips64-elf/11.2.0/../../../../mips64-elf/lib/libc.a(lib_a-fclose.o)
                0x0000000080007478                _fclose_r
                0x00000000800075b8                fclose
 .text          0x00000000800075c8      0x570 /n64_toolchain/lib/gcc/mips64-elf/11.2.0/../../../../mips64-elf/lib/libc.a(lib_a-fvwrite.o)
                0x00000000800075c8                __sfvwrite_r
 .text          0x0000000080007b38       0x50 /n64_toolchain/lib/gcc/mips64-elf/11.2.0/../../../../mips64-elf/lib/libc.a(lib_a-isattyr.o)
                0x0000000080007b38                _isatty_r
 .text          0x0000000080007b88       0x28 /n64_toolchain/lib/gcc/mips64-elf/11.2.0/../../../../mips64-elf/lib/libc.a(lib_a-localeconv.o)
                0x0000000080007b88                __localeconv_l
                0x0000000080007b90                _localeconv_r
                0x0000000080007ba0                localeconv
 .text          0x0000000080007bb0       0x60 /n64_toolchain/lib/gcc/mips64-elf/11.2.0/../../../../mips64-elf/lib/libc.a(lib_a-lseekr.o)
                0x0000000080007bb0                _lseek_r
 .text          0x0000000080007c10       0xf0 /n64_toolchain/lib/gcc/mips64-elf/11.2.0/../../../../mips64-elf/lib/libc.a(lib_a-memchr.o)
                0x0000000080007c10                memchr
 .text          0x0000000080007d00     0x1410 /n64_toolchain/lib/gcc/mips64-elf/11.2.0/../../../../mips64-elf/lib/libc.a(lib_a-mprec.o)
                0x0000000080007d00                _Balloc
                0x0000000080007db0                _Bfree
                0x0000000080007de0                __multadd
                0x0000000080007f40                __s2b
                0x00000000800080c0                __hi0bits
                0x0000000080008140                __lo0bits
                0x0000000080008208                __i2b
                0x00000000800082e0                __multiply
                0x0000000080008570                __pow5mult
                0x00000000800086e0                __lshift
                0x0000000080008898                __mcmp
                0x0000000080008900                __mdiff
                0x0000000080008b68                __ulp
                0x0000000080008c18                __b2d
                0x0000000080008da0                __d2b
                0x0000000080008f08                __ratio
                0x0000000080008fc8                _mprec_log10
                0x0000000080009008                __copybits
                0x0000000080009090                __any_on
 .text          0x0000000080009110       0x60 /n64_toolchain/lib/gcc/mips64-elf/11.2.0/../../../../mips64-elf/lib/libc.a(lib_a-readr.o)
                0x0000000080009110                _read_r
 .text          0x0000000080009170      0x5f8 /n64_toolchain/lib/gcc/mips64-elf/11.2.0/../../../../mips64-elf/lib/libc.a(lib_a-reallocr.o)
                0x0000000080009170                _realloc_r
 .text          0x0000000080009768     0x1370 /n64_toolchain/lib/gcc/mips64-elf/11.2.0/../../../../mips64-elf/lib/libc.a(lib_a-vfiprintf.o)
                0x00000000800098a0                __sprint_r
                0x00000000800098c0                _vfiprintf_r
                0x000000008000a9f0                vfiprintf
 .text          0x000000008000aad8      0x118 /n64_toolchain/lib/gcc/mips64-elf/11.2.0/../../../../mips64-elf/lib/libc.a(lib_a-callocr.o)
                0x000000008000aad8                _calloc_r
 .text          0x000000008000abf0        0x8 /n64_toolchain/lib/gcc/mips64-elf/11.2.0/../../../../mips64-elf/lib/libc.a(lib_a-errno.o)
                0x000000008000abf0                __errno
 .text          0x000000008000abf8      0x248 /n64_toolchain/lib/gcc/mips64-elf/11.2.0/../../../../mips64-elf/lib/libc.a(lib_a-fputwc.o)
                0x000000008000abf8                __fputwc
                0x000000008000ada0                _fputwc_r
                0x000000008000adc8                fputwc
 .text          0x000000008000ae40      0x120 /n64_toolchain/lib/gcc/mips64-elf/11.2.0/../../../../mips64-elf/lib/libc.a(lib_a-locale.o)
                0x000000008000ae40                _setlocale_r
                0x000000008000aec8                __locale_mb_cur_max
                0x000000008000aed8                setlocale
 .text          0x000000008000af60       0x70 /n64_toolchain/lib/gcc/mips64-elf/11.2.0/../../../../mips64-elf/lib/libc.a(lib_a-mbtowc_r.o)
                0x000000008000af60                _mbtowc_r
                0x000000008000af70                __ascii_mbtowc
 .text          0x000000008000afd0      0x110 /n64_toolchain/lib/gcc/mips64-elf/11.2.0/../../../../mips64-elf/lib/libc.a(lib_a-wcrtomb.o)
                0x000000008000afd0                _wcrtomb_r
                0x000000008000b050                wcrtomb
 .text          0x000000008000b0e0       0x48 /n64_toolchain/lib/gcc/mips64-elf/11.2.0/../../../../mips64-elf/lib/libc.a(lib_a-wctomb_r.o)
                0x000000008000b0e0                _wctomb_r
                0x000000008000b0f0                __ascii_wctomb
 *(.text.*)
 *fill*         0x000000008000b128       0x18 
 .text.debug_assert_func_f
                0x000000008000b140       0xe0 /n64_toolchain/mips64-elf/lib/libdragon.a(debug.o)
                0x000000008000b140                debug_assert_func_f
 .text.debug_assert_func
                0x000000008000b220       0x20 /n64_toolchain/mips64-elf/lib/libdragon.a(debug.o)
                0x000000008000b220                debug_assert_func
 .text.__console_render.part.0
                0x000000008000b240      0x100 /n64_toolchain/mips64-elf/lib/libdragon.a(console.o)
 .text.__console_write
                0x000000008000b340      0x280 /n64_toolchain/mips64-elf/lib/libdragon.a(console.o)
 .text.console_set_render_mode
                0x000000008000b5c0       0x20 /n64_toolchain/mips64-elf/lib/libdragon.a(console.o)
                0x000000008000b5c0                console_set_render_mode
 .text.console_init
                0x000000008000b5e0       0xc0 /n64_toolchain/mips64-elf/lib/libdragon.a(console.o)
                0x000000008000b5e0                console_init
 .text.console_close
                0x000000008000b6a0       0x60 /n64_toolchain/mips64-elf/lib/libdragon.a(console.o)
                0x000000008000b6a0                console_close
 .text.console_render
                0x000000008000b700       0x40 /n64_toolchain/mips64-elf/lib/libdragon.a(console.o)
                0x000000008000b700                console_render
 .text.console_set_debug
                0x000000008000b740       0x20 /n64_toolchain/mips64-elf/lib/libdragon.a(console.o)
                0x000000008000b740                console_set_debug
 .text.graphics_draw_character.part.0
                0x000000008000b760      0x1a0 /n64_toolchain/mips64-elf/lib/libdragon.a(graphics.o)
 .text.graphics_draw_sprite_trans_stride.part.0
                0x000000008000b900      0x380 /n64_toolchain/mips64-elf/lib/libdragon.a(graphics.o)
 .text.graphics_set_color
                0x000000008000bc80       0x20 /n64_toolchain/mips64-elf/lib/libdragon.a(graphics.o)
                0x000000008000bc80                graphics_set_color
 .text.graphics_draw_box
                0x000000008000bca0      0x100 /n64_toolchain/mips64-elf/lib/libdragon.a(graphics.o)
                0x000000008000bca0                graphics_draw_box
 .text.graphics_fill_screen
                0x000000008000bda0       0x80 /n64_toolchain/mips64-elf/lib/libdragon.a(graphics.o)
                0x000000008000bda0                graphics_fill_screen
 .text.graphics_draw_character
                0x000000008000be20       0x20 /n64_toolchain/mips64-elf/lib/libdragon.a(graphics.o)
                0x000000008000be20                graphics_draw_character
 .text.graphics_draw_text
                0x000000008000be40      0x120 /n64_toolchain/mips64-elf/lib/libdragon.a(graphics.o)
                0x000000008000be40                graphics_draw_text
 .text.graphics_draw_sprite_trans
                0x000000008000bf60       0x40 /n64_toolchain/mips64-elf/lib/libdragon.a(graphics.o)
                0x000000008000bf60                graphics_draw_sprite_trans
 .text.dma_read_raw_async
                0x000000008000bfa0       0xa0 /n64_toolchain/mips64-elf/lib/libdragon.a(dma.o)
                0x000000008000bfa0                dma_read_raw_async
 .text.dma_read_async
                0x000000008000c040      0x320 /n64_toolchain/mips64-elf/lib/libdragon.a(dma.o)
                0x000000008000c040                dma_read_async
 .text.dma_read
                0x000000008000c360       0x40 /n64_toolchain/mips64-elf/lib/libdragon.a(dma.o)
                0x000000008000c360                dma_read
 .text.__wrap___do_global_ctors
                0x000000008000c3a0       0xc0 /n64_toolchain/mips64-elf/lib/libdragon.a(do_ctors.o)
                0x000000008000c3a0                __wrap___do_global_ctors
 .text.sys_bbplayer
                0x000000008000c460       0x20 /n64_toolchain/mips64-elf/lib/libdragon.a(n64sys.o)
                0x000000008000c460                sys_bbplayer
 .text.data_cache_hit_writeback
                0x000000008000c480       0x60 /n64_toolchain/mips64-elf/lib/libdragon.a(n64sys.o)
                0x000000008000c480                data_cache_hit_writeback
 .text.__data_cache_hit_invalidate
                0x000000008000c4e0       0x60 /n64_toolchain/mips64-elf/lib/libdragon.a(n64sys.o)
                0x000000008000c4e0                __data_cache_hit_invalidate
 .text.data_cache_hit_writeback_invalidate
                0x000000008000c540       0x60 /n64_toolchain/mips64-elf/lib/libdragon.a(n64sys.o)
                0x000000008000c540                data_cache_hit_writeback_invalidate
 .text.get_memory_size
                0x000000008000c5a0       0x60 /n64_toolchain/mips64-elf/lib/libdragon.a(n64sys.o)
                0x000000008000c5a0                get_memory_size
 .text.get_tv_type
                0x000000008000c600       0x20 /n64_toolchain/mips64-elf/lib/libdragon.a(n64sys.o)
                0x000000008000c600                get_tv_type
 .text.startup.__init_cop1
                0x000000008000c620       0x20 /n64_toolchain/mips64-elf/lib/libdragon.a(n64sys.o)
                0x000000008000c620                __init_cop1
 .text.__MI_handler
                0x000000008000c640      0x220 /n64_toolchain/mips64-elf/lib/libdragon.a(interrupt.o)
                0x000000008000c640                __MI_handler
 .text.__TI_handler
                0x000000008000c860       0x60 /n64_toolchain/mips64-elf/lib/libdragon.a(interrupt.o)
                0x000000008000c860                __TI_handler
 .text.register_VI_handler
                0x000000008000c8c0       0x60 /n64_toolchain/mips64-elf/lib/libdragon.a(interrupt.o)
                0x000000008000c8c0                register_VI_handler
 .text.unregister_VI_handler
                0x000000008000c920       0x60 /n64_toolchain/mips64-elf/lib/libdragon.a(interrupt.o)
                0x000000008000c920                unregister_VI_handler
 .text.register_DP_handler
                0x000000008000c980       0x60 /n64_toolchain/mips64-elf/lib/libdragon.a(interrupt.o)
                0x000000008000c980                register_DP_handler
 .text.register_TI_handler
                0x000000008000c9e0       0x60 /n64_toolchain/mips64-elf/lib/libdragon.a(interrupt.o)
                0x000000008000c9e0                register_TI_handler
 .text.register_SI_handler
                0x000000008000ca40       0x60 /n64_toolchain/mips64-elf/lib/libdragon.a(interrupt.o)
                0x000000008000ca40                register_SI_handler
 .text.set_VI_interrupt
                0x000000008000caa0       0x40 /n64_toolchain/mips64-elf/lib/libdragon.a(interrupt.o)
                0x000000008000caa0                set_VI_interrupt
 .text.set_DP_interrupt
                0x000000008000cae0       0x40 /n64_toolchain/mips64-elf/lib/libdragon.a(interrupt.o)
                0x000000008000cae0                set_DP_interrupt
 .text.set_SI_interrupt
                0x000000008000cb20       0x40 /n64_toolchain/mips64-elf/lib/libdragon.a(interrupt.o)
                0x000000008000cb20                set_SI_interrupt
 .text.startup.__init_interrupts
                0x000000008000cb60       0x40 /n64_toolchain/mips64-elf/lib/libdragon.a(interrupt.o)
                0x000000008000cb60                __init_interrupts
 .text.disable_interrupts
                0x000000008000cba0       0x40 /n64_toolchain/mips64-elf/lib/libdragon.a(interrupt.o)
                0x000000008000cba0                disable_interrupts
 .text.enable_interrupts
                0x000000008000cbe0       0x80 /n64_toolchain/mips64-elf/lib/libdragon.a(interrupt.o)
                0x000000008000cbe0                enable_interrupts
 .text.__display_callback
                0x000000008000cc60       0x80 /n64_toolchain/mips64-elf/lib/libdragon.a(display.o)
 .text.display_show.part.0
                0x000000008000cce0       0x40 /n64_toolchain/mips64-elf/lib/libdragon.a(display.o)
 .text.display_init
                0x000000008000cd20      0x4a0 /n64_toolchain/mips64-elf/lib/libdragon.a(display.o)
                0x000000008000cd20                display_init
 .text.display_close
                0x000000008000d1c0       0xc0 /n64_toolchain/mips64-elf/lib/libdragon.a(display.o)
                0x000000008000d1c0                display_close
 .text.display_lock
                0x000000008000d280       0xa0 /n64_toolchain/mips64-elf/lib/libdragon.a(display.o)
                0x000000008000d280                display_lock
 .text.display_show
                0x000000008000d320       0x60 /n64_toolchain/mips64-elf/lib/libdragon.a(display.o)
                0x000000008000d320                display_show
 .text.display_show_force
                0x000000008000d380       0x80 /n64_toolchain/mips64-elf/lib/libdragon.a(display.o)
                0x000000008000d380                display_show_force
 .text.exception_default_handler
                0x000000008000d400      0x7c0 /n64_toolchain/mips64-elf/lib/libdragon.a(exception.o)
                0x000000008000d400                exception_default_handler
 .text.__onCriticalException
                0x000000008000dbc0       0x60 /n64_toolchain/mips64-elf/lib/libdragon.a(exception.o)
                0x000000008000dbc0                __onCriticalException
 .text.__onResetException
                0x000000008000dc20       0x60 /n64_toolchain/mips64-elf/lib/libdragon.a(exception.o)
                0x000000008000dc20                __onResetException
 .text.attach_filesystem
                0x000000008000dc80      0x220 /n64_toolchain/mips64-elf/lib/libdragonsys.a(system.o)
                0x000000008000dc80                attach_filesystem
 .text.close    0x000000008000dea0      0x140 /n64_toolchain/mips64-elf/lib/libdragonsys.a(system.o)
                0x000000008000dea0                close
 .text._exit    0x000000008000dfe0       0x20 /n64_toolchain/mips64-elf/lib/libdragonsys.a(system.o)
                0x000000008000dfe0                _exit
 .text.fstat    0x000000008000e000      0x100 /n64_toolchain/mips64-elf/lib/libdragonsys.a(system.o)
                0x000000008000e000                fstat
 .text.getpid   0x000000008000e100       0x20 /n64_toolchain/mips64-elf/lib/libdragonsys.a(system.o)
                0x000000008000e100                getpid
 .text.isatty   0x000000008000e120       0x40 /n64_toolchain/mips64-elf/lib/libdragonsys.a(system.o)
                0x000000008000e120                isatty
 .text.kill     0x000000008000e160       0x20 /n64_toolchain/mips64-elf/lib/libdragonsys.a(system.o)
                0x000000008000e160                kill
 .text.lseek    0x000000008000e180      0x100 /n64_toolchain/mips64-elf/lib/libdragonsys.a(system.o)
                0x000000008000e180                lseek
 .text.read     0x000000008000e280      0x140 /n64_toolchain/mips64-elf/lib/libdragonsys.a(system.o)
                0x000000008000e280                read
 .text.sbrk     0x000000008000e3c0       0xc0 /n64_toolchain/mips64-elf/lib/libdragonsys.a(system.o)
                0x000000008000e3c0                sbrk
 .text.write    0x000000008000e480      0x140 /n64_toolchain/mips64-elf/lib/libdragonsys.a(system.o)
                0x000000008000e480                write
 .text.hook_stdio_calls
                0x000000008000e5c0       0x60 /n64_toolchain/mips64-elf/lib/libdragonsys.a(system.o)
                0x000000008000e5c0                hook_stdio_calls
 .text.unhook_stdio_calls
                0x000000008000e620       0x80 /n64_toolchain/mips64-elf/lib/libdragonsys.a(system.o)
                0x000000008000e620                unhook_stdio_calls
 .text.__assert_func
                0x000000008000e6a0       0x20 /n64_toolchain/mips64-elf/lib/libdragonsys.a(system.o)
                0x000000008000e6a0                __assert_func
 .text.startup.main
                0x000000008000e6c0      0x1a0 build/main.o
                0x000000008000e6c0                main
 .text.get_next_token.part.0
                0x000000008000e860       0x80 /n64_toolchain/lib/gcc/mips64-elf/11.2.0/../../../../mips64-elf/lib/libdragon.a(dragonfs.o)
 .text.recurse_path
                0x000000008000e8e0      0x560 /n64_toolchain/lib/gcc/mips64-elf/11.2.0/../../../../mips64-elf/lib/libdragon.a(dragonfs.o)
 .text.__close  0x000000008000ee40       0x80 /n64_toolchain/lib/gcc/mips64-elf/11.2.0/../../../../mips64-elf/lib/libdragon.a(dragonfs.o)
 .text.__fstat  0x000000008000eec0       0xa0 /n64_toolchain/lib/gcc/mips64-elf/11.2.0/../../../../mips64-elf/lib/libdragon.a(dragonfs.o)
 .text.dfs_dir_findfirst
                0x000000008000ef60       0xc0 /n64_toolchain/lib/gcc/mips64-elf/11.2.0/../../../../mips64-elf/lib/libdragon.a(dragonfs.o)
                0x000000008000ef60                dfs_dir_findfirst
 .text.__findfirst
                0x000000008000f020       0x80 /n64_toolchain/lib/gcc/mips64-elf/11.2.0/../../../../mips64-elf/lib/libdragon.a(dragonfs.o)
 .text.dfs_dir_findnext
                0x000000008000f0a0       0xc0 /n64_toolchain/lib/gcc/mips64-elf/11.2.0/../../../../mips64-elf/lib/libdragon.a(dragonfs.o)
                0x000000008000f0a0                dfs_dir_findnext
 .text.__findnext
                0x000000008000f160       0x80 /n64_toolchain/lib/gcc/mips64-elf/11.2.0/../../../../mips64-elf/lib/libdragon.a(dragonfs.o)
 .text.dfs_open
                0x000000008000f1e0      0x140 /n64_toolchain/lib/gcc/mips64-elf/11.2.0/../../../../mips64-elf/lib/libdragon.a(dragonfs.o)
                0x000000008000f1e0                dfs_open
 .text.__open   0x000000008000f320       0x60 /n64_toolchain/lib/gcc/mips64-elf/11.2.0/../../../../mips64-elf/lib/libdragon.a(dragonfs.o)
 .text.dfs_close
                0x000000008000f380       0x80 /n64_toolchain/lib/gcc/mips64-elf/11.2.0/../../../../mips64-elf/lib/libdragon.a(dragonfs.o)
                0x000000008000f380                dfs_close
 .text.dfs_seek
                0x000000008000f400      0x100 /n64_toolchain/lib/gcc/mips64-elf/11.2.0/../../../../mips64-elf/lib/libdragon.a(dragonfs.o)
                0x000000008000f400                dfs_seek
 .text.__lseek  0x000000008000f500       0x80 /n64_toolchain/lib/gcc/mips64-elf/11.2.0/../../../../mips64-elf/lib/libdragon.a(dragonfs.o)
 .text.dfs_read
                0x000000008000f580      0x240 /n64_toolchain/lib/gcc/mips64-elf/11.2.0/../../../../mips64-elf/lib/libdragon.a(dragonfs.o)
                0x000000008000f580                dfs_read
 .text.__read   0x000000008000f7c0       0x20 /n64_toolchain/lib/gcc/mips64-elf/11.2.0/../../../../mips64-elf/lib/libdragon.a(dragonfs.o)
 .text.dfs_size
                0x000000008000f7e0       0x60 /n64_toolchain/lib/gcc/mips64-elf/11.2.0/../../../../mips64-elf/lib/libdragon.a(dragonfs.o)
                0x000000008000f7e0                dfs_size
 .text.dfs_init
                0x000000008000f840      0x100 /n64_toolchain/lib/gcc/mips64-elf/11.2.0/../../../../mips64-elf/lib/libdragon.a(dragonfs.o)
                0x000000008000f840                dfs_init
 .text.controller_interrupt_update
                0x000000008000f940       0x80 /n64_toolchain/lib/gcc/mips64-elf/11.2.0/../../../../mips64-elf/lib/libdragon.a(controller.o)
 .text.controller_interrupt
                0x000000008000f9c0       0x40 /n64_toolchain/lib/gcc/mips64-elf/11.2.0/../../../../mips64-elf/lib/libdragon.a(controller.o)
 .text.controller_init
                0x000000008000fa00       0xa0 /n64_toolchain/lib/gcc/mips64-elf/11.2.0/../../../../mips64-elf/lib/libdragon.a(controller.o)
                0x000000008000fa00                controller_init
 .text.__rdp_interrupt
                0x000000008000faa0       0x20 /n64_toolchain/lib/gcc/mips64-elf/11.2.0/../../../../mips64-elf/lib/libdragon.a(rdp.o)
 .text.rdp_init
                0x000000008000fac0       0x40 /n64_toolchain/lib/gcc/mips64-elf/11.2.0/../../../../mips64-elf/lib/libdragon.a(rdp.o)
                0x000000008000fac0                rdp_init
 .text.timer_callback_overflow
                0x000000008000fb00       0x20 /n64_toolchain/lib/gcc/mips64-elf/11.2.0/../../../../mips64-elf/lib/libdragon.a(timer.o)
 .text.timer_callback
                0x000000008000fb20      0x160 /n64_toolchain/lib/gcc/mips64-elf/11.2.0/../../../../mips64-elf/lib/libdragon.a(timer.o)
 .text.timer_init
                0x000000008000fc80       0xc0 /n64_toolchain/lib/gcc/mips64-elf/11.2.0/../../../../mips64-elf/lib/libdragon.a(timer.o)
                0x000000008000fc80                timer_init
 .text.joybus_msg_send
                0x000000008000fd40       0x80 /n64_toolchain/lib/gcc/mips64-elf/11.2.0/../../../../mips64-elf/lib/libdragon.a(joybus.o)
 .text.si_interrupt
                0x000000008000fdc0      0x1a0 /n64_toolchain/lib/gcc/mips64-elf/11.2.0/../../../../mips64-elf/lib/libdragon.a(joybus.o)
 .text.startup.__joybus_init
                0x000000008000ff60       0x60 /n64_toolchain/lib/gcc/mips64-elf/11.2.0/../../../../mips64-elf/lib/libdragon.a(joybus.o)
                0x000000008000ff60                __joybus_init
 .text.joybus_exec_async
                0x000000008000ffc0      0x180 /n64_toolchain/lib/gcc/mips64-elf/11.2.0/../../../../mips64-elf/lib/libdragon.a(joybus.o)
                0x000000008000ffc0                joybus_exec_async
 *(.init)
 .init          0x0000000080010140        0x8 /n64_toolchain/lib/gcc/mips64-elf/11.2.0/crti.o
                0x0000000080010140                _init
 *(.fini)
 .fini          0x0000000080010148        0x8 /n64_toolchain/lib/gcc/mips64-elf/11.2.0/crti.o
                0x0000000080010148                _fini
 *(.gnu.linkonce.t.*)
                0x0000000080010150                . = ALIGN (0x10)
                0x0000000080010150                __text_end = .

.eh_frame_hdr
 *(.eh_frame_hdr)

.eh_frame       0x0000000080010150        0x4
 *(.eh_frame)
 .eh_frame      0x0000000080010150        0x0 /n64_toolchain/lib/gcc/mips64-elf/11.2.0/crtbegin.o
 .eh_frame      0x0000000080010150        0x4 /n64_toolchain/lib/gcc/mips64-elf/11.2.0/crtend.o

.gcc_except_table
 *(.gcc_except_table*)

.jcr
 *(.jcr)

.rodata         0x0000000080010158     0x2030
 *(.rdata)
 *(.rodata)
 .rodata        0x0000000080010158      0x188 /n64_toolchain/lib/gcc/mips64-elf/11.2.0/../../../../mips64-elf/lib/libc.a(lib_a-vfprintf.o)
 .rodata        0x00000000800102e0      0x128 /n64_toolchain/lib/gcc/mips64-elf/11.2.0/../../../../mips64-elf/lib/libc.a(lib_a-mprec.o)
                0x00000000800102f0                __mprec_tinytens
                0x0000000080010318                __mprec_bigtens
                0x0000000080010340                __mprec_tens
 .rodata        0x0000000080010408      0x188 /n64_toolchain/lib/gcc/mips64-elf/11.2.0/../../../../mips64-elf/lib/libc.a(lib_a-vfiprintf.o)
 .rodata        0x0000000080010590      0x288 /n64_toolchain/lib/gcc/mips64-elf/11.2.0/../../../../mips64-elf/lib/libc.a(lib_a-ctype_.o)
                0x0000000080010590                _ctype_
                0x0000000080010698                _ctype_b
 *(.rodata.*)
 .rodata.debug_assert_func_f.str1.8
                0x0000000080010818       0x3d /n64_toolchain/mips64-elf/lib/libdragon.a(debug.o)
                                         0x45 (size before relaxing)
 *fill*         0x0000000080010855        0x3 
 .rodata.__font_data
                0x0000000080010858      0x800 /n64_toolchain/mips64-elf/lib/libdragon.a(graphics.o)
 .rodata.dma_read_raw_async.str1.8
                0x0000000080011058       0x12 /n64_toolchain/mips64-elf/lib/libdragon.a(dma.o)
 *fill*         0x000000008001106a        0x6 
 .rodata.dma_read_async.str1.8
                0x0000000080011070       0x17 /n64_toolchain/mips64-elf/lib/libdragon.a(dma.o)
 *fill*         0x0000000080011087        0x1 
 .rodata.__func__.1
                0x0000000080011088        0xf /n64_toolchain/mips64-elf/lib/libdragon.a(dma.o)
 *fill*         0x0000000080011097        0x1 
 .rodata.__func__.3
                0x0000000080011098       0x13 /n64_toolchain/mips64-elf/lib/libdragon.a(dma.o)
 *fill*         0x00000000800110ab        0x5 
 .rodata.__do_global_ctors.str1.8
                0x00000000800110b0       0x99 /n64_toolchain/mips64-elf/lib/libdragon.a(do_ctors.o)
 *fill*         0x0000000080011149        0x7 
 .rodata.__wrap___do_global_ctors.str1.8
                0x0000000080011150       0x93 /n64_toolchain/mips64-elf/lib/libdragon.a(do_ctors.o)
 *fill*         0x00000000800111e3        0x5 
 .rodata.__func__.0
                0x00000000800111e8       0x19 /n64_toolchain/mips64-elf/lib/libdragon.a(do_ctors.o)
 *fill*         0x0000000080011201        0x7 
 .rodata.enable_interrupts.str1.8
                0x0000000080011208       0x4c /n64_toolchain/mips64-elf/lib/libdragon.a(interrupt.o)
 *fill*         0x0000000080011254        0x4 
 .rodata.__func__.0
                0x0000000080011258       0x12 /n64_toolchain/mips64-elf/lib/libdragon.a(interrupt.o)
 *fill*         0x000000008001126a        0x6 
 .rodata.display_show.part.0.str1.8
                0x0000000080011270       0x59 /n64_toolchain/mips64-elf/lib/libdragon.a(display.o)
 *fill*         0x00000000800112c9        0x7 
 .rodata.display_init.str1.8
                0x00000000800112d0       0xac /n64_toolchain/mips64-elf/lib/libdragon.a(display.o)
 .rodata.display_init
                0x000000008001137c       0x30 /n64_toolchain/mips64-elf/lib/libdragon.a(display.o)
 *fill*         0x00000000800113ac        0x4 
 .rodata.__func__.0
                0x00000000800113b0        0xd /n64_toolchain/mips64-elf/lib/libdragon.a(display.o)
 *fill*         0x00000000800113bd        0x3 
 .rodata.__func__.1
                0x00000000800113c0        0xd /n64_toolchain/mips64-elf/lib/libdragon.a(display.o)
 *fill*         0x00000000800113cd        0x3 
 .rodata.reg_values
                0x00000000800113d0       0x48 /n64_toolchain/mips64-elf/lib/libdragon.a(display.o)
 .rodata.mpal_640p
                0x0000000080011418       0x38 /n64_toolchain/mips64-elf/lib/libdragon.a(display.o)
 .rodata.pal_640p
                0x0000000080011450       0x38 /n64_toolchain/mips64-elf/lib/libdragon.a(display.o)
 .rodata.ntsc_640p
                0x0000000080011488       0x38 /n64_toolchain/mips64-elf/lib/libdragon.a(display.o)
 .rodata.mpal_512p
                0x00000000800114c0       0x38 /n64_toolchain/mips64-elf/lib/libdragon.a(display.o)
 .rodata.pal_512p
                0x00000000800114f8       0x38 /n64_toolchain/mips64-elf/lib/libdragon.a(display.o)
 .rodata.ntsc_512p
                0x0000000080011530       0x38 /n64_toolchain/mips64-elf/lib/libdragon.a(display.o)
 .rodata.mpal_512
                0x0000000080011568       0x38 /n64_toolchain/mips64-elf/lib/libdragon.a(display.o)
 .rodata.pal_512
                0x00000000800115a0       0x38 /n64_toolchain/mips64-elf/lib/libdragon.a(display.o)
 .rodata.ntsc_512
                0x00000000800115d8       0x38 /n64_toolchain/mips64-elf/lib/libdragon.a(display.o)
 .rodata.mpal_256
                0x0000000080011610       0x38 /n64_toolchain/mips64-elf/lib/libdragon.a(display.o)
 .rodata.pal_256
                0x0000000080011648       0x38 /n64_toolchain/mips64-elf/lib/libdragon.a(display.o)
 .rodata.ntsc_256
                0x0000000080011680       0x38 /n64_toolchain/mips64-elf/lib/libdragon.a(display.o)
 .rodata.mpal_640
                0x00000000800116b8       0x38 /n64_toolchain/mips64-elf/lib/libdragon.a(display.o)
 .rodata.pal_640
                0x00000000800116f0       0x38 /n64_toolchain/mips64-elf/lib/libdragon.a(display.o)
 .rodata.ntsc_640
                0x0000000080011728       0x38 /n64_toolchain/mips64-elf/lib/libdragon.a(display.o)
 .rodata.mpal_320
                0x0000000080011760       0x38 /n64_toolchain/mips64-elf/lib/libdragon.a(display.o)
 .rodata.pal_320
                0x0000000080011798       0x38 /n64_toolchain/mips64-elf/lib/libdragon.a(display.o)
 .rodata.ntsc_320
                0x00000000800117d0       0x38 /n64_toolchain/mips64-elf/lib/libdragon.a(display.o)
 .rodata.exception_default_handler.str1.8
                0x0000000080011808      0x447 /n64_toolchain/mips64-elf/lib/libdragon.a(exception.o)
 *fill*         0x0000000080011c4f        0x1 
 .rodata.str1.8
                0x0000000080011c50      0x17e /n64_toolchain/mips64-elf/lib/libdragon.a(exception.o)
 *fill*         0x0000000080011dce        0x2 
 .rodata.exceptionMap.0
                0x0000000080011dd0       0x80 /n64_toolchain/mips64-elf/lib/libdragon.a(exception.o)
 .rodata.main.str1.8
                0x0000000080011e50       0x58 build/main.o
 .rodata.__open.str1.8
                0x0000000080011ea8        0x2 /n64_toolchain/lib/gcc/mips64-elf/11.2.0/../../../../mips64-elf/lib/libdragon.a(dragonfs.o)
 *fill*         0x0000000080011eaa        0x6 
 .rodata.dfs_init.str1.8
                0x0000000080011eb0       0x16 /n64_toolchain/lib/gcc/mips64-elf/11.2.0/../../../../mips64-elf/lib/libdragon.a(dragonfs.o)
 *fill*         0x0000000080011ec6        0x2 
 .rodata.SI_read_con_block.8
                0x0000000080011ec8       0x40 /n64_toolchain/lib/gcc/mips64-elf/11.2.0/../../../../mips64-elf/lib/libdragon.a(controller.o)
 .rodata.timer_init.str1.8
                0x0000000080011f08       0x41 /n64_toolchain/lib/gcc/mips64-elf/11.2.0/../../../../mips64-elf/lib/libdragon.a(timer.o)
 *fill*         0x0000000080011f49        0x7 
 .rodata.__func__.6
                0x0000000080011f50        0xb /n64_toolchain/lib/gcc/mips64-elf/11.2.0/../../../../mips64-elf/lib/libdragon.a(timer.o)
 *fill*         0x0000000080011f5b        0x5 
 .rodata.joybus_msg_send.str1.8
                0x0000000080011f60       0x55 /n64_toolchain/lib/gcc/mips64-elf/11.2.0/../../../../mips64-elf/lib/libdragon.a(joybus.o)
 *fill*         0x0000000080011fb5        0x3 
 .rodata.si_interrupt.str1.8
                0x0000000080011fb8       0x40 /n64_toolchain/lib/gcc/mips64-elf/11.2.0/../../../../mips64-elf/lib/libdragon.a(joybus.o)
 .rodata.joybus_exec_async.str1.8
                0x0000000080011ff8       0x4a /n64_toolchain/lib/gcc/mips64-elf/11.2.0/../../../../mips64-elf/lib/libdragon.a(joybus.o)
 *fill*         0x0000000080012042        0x6 
 .rodata.__func__.1
                0x0000000080012048       0x12 /n64_toolchain/lib/gcc/mips64-elf/11.2.0/../../../../mips64-elf/lib/libdragon.a(joybus.o)
 *fill*         0x000000008001205a        0x6 
 .rodata.__func__.2
                0x0000000080012060       0x10 /n64_toolchain/lib/gcc/mips64-elf/11.2.0/../../../../mips64-elf/lib/libdragon.a(joybus.o)
 .rodata.__func__.3
                0x0000000080012070       0x10 /n64_toolchain/lib/gcc/mips64-elf/11.2.0/../../../../mips64-elf/lib/libdragon.a(joybus.o)
 .rodata.__func__.4
                0x0000000080012080        0xd /n64_toolchain/lib/gcc/mips64-elf/11.2.0/../../../../mips64-elf/lib/libdragon.a(joybus.o)
 *fill*         0x000000008001208d        0x3 
 .rodata.str1.8
                0x0000000080012090       0x57 /n64_toolchain/lib/gcc/mips64-elf/11.2.0/../../../../mips64-elf/lib/libc.a(lib_a-vfprintf.o)
                                         0x5a (size before relaxing)
 *fill*         0x00000000800120e7        0x1 
 .rodata.str1.8
                0x00000000800120e8       0x58 /n64_toolchain/lib/gcc/mips64-elf/11.2.0/../../../../mips64-elf/lib/libc.a(lib_a-dtoa.o)
                                         0x60 (size before relaxing)
 .rodata.str1.8
                0x0000000080012140       0x29 /n64_toolchain/lib/gcc/mips64-elf/11.2.0/../../../../mips64-elf/lib/libc.a(lib_a-mprec.o)
                                         0x41 (size before relaxing)
 .rodata.str1.8
                0x0000000080012169       0x37 /n64_toolchain/lib/gcc/mips64-elf/11.2.0/../../../../mips64-elf/lib/libc.a(lib_a-vfiprintf.o)
 *fill*         0x0000000080012169        0x7 
 .rodata.str1.8
                0x0000000080012170       0x12 /n64_toolchain/lib/gcc/mips64-elf/11.2.0/../../../../mips64-elf/lib/libc.a(lib_a-locale.o)
                                         0x1a (size before relaxing)
 *(.gnu.linkonce.r.*)
                0x0000000080012188                . = ALIGN (0x8)
 *fill*         0x0000000080012182        0x6 

.MIPS.abiflags  0x0000000080012188       0x18
 .MIPS.abiflags
                0x0000000080012188       0x18 /n64_toolchain/lib/gcc/mips64-elf/11.2.0/crti.o

.rel.dyn        0x00000000800121a0        0x0
 .rel.dyn       0x00000000800121a0        0x0 /n64_toolchain/mips64-elf/lib/libdragon.a(n64sys.o)
                0x00000000800121a0                . = ALIGN (0x4)

.ctors          0x00000000800121a0       0x14
                0x00000000800121a0                __CTOR_LIST__ = .
 *(.ctors)
 .ctors         0x00000000800121a0        0x4 /n64_toolchain/lib/gcc/mips64-elf/11.2.0/crtbegin.o
 .ctors         0x00000000800121a4        0x4 /n64_toolchain/mips64-elf/lib/libdragon.a(n64sys.o)
 .ctors         0x00000000800121a8        0x4 /n64_toolchain/mips64-elf/lib/libdragon.a(interrupt.o)
 .ctors         0x00000000800121ac        0x4 /n64_toolchain/lib/gcc/mips64-elf/11.2.0/../../../../mips64-elf/lib/libdragon.a(joybus.o)
 .ctors         0x00000000800121b0        0x4 /n64_toolchain/lib/gcc/mips64-elf/11.2.0/crtend.o
                0x00000000800121b4                __CTOR_END__ = .
                0x00000000800121b8                . = ALIGN (0x8)

.data           0x00000000800121b8      0x9c8
                0x00000000800121b8                __data_start = .
 *(.data)
 .data          0x00000000800121b8      0x428 /n64_toolchain/lib/gcc/mips64-elf/11.2.0/../../../../mips64-elf/lib/libc.a(lib_a-impure.o)
 .data          0x00000000800125e0      0x408 /n64_toolchain/lib/gcc/mips64-elf/11.2.0/../../../../mips64-elf/lib/libc.a(lib_a-mallocr.o)
                0x00000000800125e0                __malloc_av_
 .data          0x00000000800129e8      0x16c /n64_toolchain/lib/gcc/mips64-elf/11.2.0/../../../../mips64-elf/lib/libc.a(lib_a-locale.o)
                0x00000000800129e8                __global_locale
 *(.data.*)
 *fill*         0x0000000080012b54        0x4 
 .data.dragon_fs
                0x0000000080012b58       0x24 /n64_toolchain/lib/gcc/mips64-elf/11.2.0/../../../../mips64-elf/lib/libdragon.a(dragonfs.o)
 *(.gnu.linkonce.d.*)
                0x0000000080012b80                . = ALIGN (0x8)
 *fill*         0x0000000080012b7c        0x4 

.sdata          0x0000000080012b80       0xa0
                0x000000008001ab80                _gp = (. + 0x8000)
 *(.sdata)
 .sdata         0x0000000080012b80        0x8 /n64_toolchain/lib/gcc/mips64-elf/11.2.0/../../../../mips64-elf/lib/libc.a(lib_a-impure.o)
                0x0000000080012b80                _global_impure_ptr
                0x0000000080012b84                _impure_ptr
 .sdata         0x0000000080012b88        0x8 /n64_toolchain/lib/gcc/mips64-elf/11.2.0/../../../../mips64-elf/lib/libc.a(lib_a-mallocr.o)
                0x0000000080012b88                __malloc_sbrk_base
                0x0000000080012b8c                __malloc_trim_threshold
 .sdata         0x0000000080012b90        0x8 /n64_toolchain/lib/gcc/mips64-elf/11.2.0/../../../../mips64-elf/lib/libc.a(lib_a-vfprintf.o)
 .sdata         0x0000000080012b98       0x48 /n64_toolchain/lib/gcc/mips64-elf/11.2.0/../../../../mips64-elf/lib/libc.a(lib_a-dtoa.o)
 .sdata         0x0000000080012be0       0x10 /n64_toolchain/lib/gcc/mips64-elf/11.2.0/../../../../mips64-elf/lib/libc.a(lib_a-mprec.o)
 *(.sdata.*)
 .sdata.console_redirect_debug
                0x0000000080012bf0        0x1 /n64_toolchain/mips64-elf/lib/libdragon.a(console.o)
 *fill*         0x0000000080012bf1        0x3 
 .sdata.f_color
                0x0000000080012bf4        0x4 /n64_toolchain/mips64-elf/lib/libdragon.a(graphics.o)
 .sdata.__bootcic
                0x0000000080012bf8        0x4 /n64_toolchain/mips64-elf/lib/libdragon.a(n64sys.o)
                0x0000000080012bf8                __bootcic
 .sdata.__interrupt_depth
                0x0000000080012bfc        0x4 /n64_toolchain/mips64-elf/lib/libdragon.a(interrupt.o)
 .sdata.now_drawing
                0x0000000080012c00        0x4 /n64_toolchain/mips64-elf/lib/libdragon.a(display.o)
 .sdata.show_next
                0x0000000080012c04        0x4 /n64_toolchain/mips64-elf/lib/libdragon.a(display.o)
 .sdata.now_showing
                0x0000000080012c08        0x4 /n64_toolchain/mips64-elf/lib/libdragon.a(display.o)
 .sdata.__buffers
                0x0000000080012c0c        0x4 /n64_toolchain/mips64-elf/lib/libdragon.a(display.o)
                0x0000000080012c0c                __buffers
 .sdata.__exception_handler
                0x0000000080012c10        0x4 /n64_toolchain/mips64-elf/lib/libdragon.a(exception.o)
 .sdata.next_handle.1
                0x0000000080012c14        0x4 /n64_toolchain/lib/gcc/mips64-elf/11.2.0/../../../../mips64-elf/lib/libdragon.a(dragonfs.o)
 .sdata.flush_strategy
                0x0000000080012c18        0x4 /n64_toolchain/lib/gcc/mips64-elf/11.2.0/../../../../mips64-elf/lib/libdragon.a(rdp.o)
 *(.gnu.linkonce.s.*)
                0x0000000080012c20                . = ALIGN (0x8)
 *fill*         0x0000000080012c1c        0x4 

.lit8           0x0000000080012c20        0x0
 *(.lit8)
                0x0000000080012c20                . = ALIGN (0x8)

.lit4           0x0000000080012c20        0x0
 *(.lit4)
                0x0000000080012c20                . = ALIGN (0x8)
                0x0000000080012c20                __data_end = .

.sbss           0x0000000080012c20      0x2b8
                0x0000000080012c20                __bss_start = .
 *(.sbss)
 .sbss          0x0000000080012c20      0x228 /n64_toolchain/mips64-elf/lib/libdragon.a(inthandler.o)
                0x0000000080012c20                __baseRegAddr
 .sbss          0x0000000080012e48        0xc /n64_toolchain/lib/gcc/mips64-elf/11.2.0/../../../../mips64-elf/lib/libc.a(lib_a-mallocr.o)
                0x0000000080012e48                __malloc_max_total_mem
                0x0000000080012e4c                __malloc_max_sbrked_mem
                0x0000000080012e50                __malloc_top_pad
 *(.sbss.*)
 .sbss.dc.0     0x0000000080012e54        0x4 /n64_toolchain/mips64-elf/lib/libdragon.a(console.o)
 .sbss.render_now
                0x0000000080012e58        0x4 /n64_toolchain/mips64-elf/lib/libdragon.a(console.o)
 .sbss.render_buffer
                0x0000000080012e5c        0x4 /n64_toolchain/mips64-elf/lib/libdragon.a(console.o)
 .sbss.b_color  0x0000000080012e60        0x4 /n64_toolchain/mips64-elf/lib/libdragon.a(graphics.o)
 .sbss.__bbplayer
                0x0000000080012e64        0x4 /n64_toolchain/mips64-elf/lib/libdragon.a(n64sys.o)
                0x0000000080012e64                __bbplayer
 .sbss.SP_callback
                0x0000000080012e68        0x4 /n64_toolchain/mips64-elf/lib/libdragon.a(interrupt.o)
                0x0000000080012e68                SP_callback
 .sbss.SI_callback
                0x0000000080012e6c        0x4 /n64_toolchain/mips64-elf/lib/libdragon.a(interrupt.o)
                0x0000000080012e6c                SI_callback
 .sbss.TI_callback
                0x0000000080012e70        0x4 /n64_toolchain/mips64-elf/lib/libdragon.a(interrupt.o)
                0x0000000080012e70                TI_callback
 .sbss.DP_callback
                0x0000000080012e74        0x4 /n64_toolchain/mips64-elf/lib/libdragon.a(interrupt.o)
                0x0000000080012e74                DP_callback
 .sbss.PI_callback
                0x0000000080012e78        0x4 /n64_toolchain/mips64-elf/lib/libdragon.a(interrupt.o)
                0x0000000080012e78                PI_callback
 .sbss.VI_callback
                0x0000000080012e7c        0x4 /n64_toolchain/mips64-elf/lib/libdragon.a(interrupt.o)
                0x0000000080012e7c                VI_callback
 .sbss.AI_callback
                0x0000000080012e80        0x4 /n64_toolchain/mips64-elf/lib/libdragon.a(interrupt.o)
                0x0000000080012e80                AI_callback
 .sbss.interrupt_disabled_tick
                0x0000000080012e84        0x4 /n64_toolchain/mips64-elf/lib/libdragon.a(interrupt.o)
                0x0000000080012e84                interrupt_disabled_tick
 .sbss.__height
                0x0000000080012e88        0x4 /n64_toolchain/mips64-elf/lib/libdragon.a(display.o)
                0x0000000080012e88                __height
 .sbss.__width  0x0000000080012e8c        0x4 /n64_toolchain/mips64-elf/lib/libdragon.a(display.o)
                0x0000000080012e8c                __width
 .sbss.__bitdepth
                0x0000000080012e90        0x4 /n64_toolchain/mips64-elf/lib/libdragon.a(display.o)
                0x0000000080012e90                __bitdepth
 .sbss.heap_top.0
                0x0000000080012e94        0x4 /n64_toolchain/mips64-elf/lib/libdragonsys.a(system.o)
 .sbss.heap_end.1
                0x0000000080012e98        0x4 /n64_toolchain/mips64-elf/lib/libdragonsys.a(system.o)
 .sbss.__assert_func_ptr
                0x0000000080012e9c        0x4 /n64_toolchain/mips64-elf/lib/libdragonsys.a(system.o)
                0x0000000080012e9c                __assert_func_ptr
 .sbss.errno    0x0000000080012ea0        0x4 /n64_toolchain/mips64-elf/lib/libdragonsys.a(system.o)
                0x0000000080012ea0                errno
 .sbss.disp.0   0x0000000080012ea4        0x4 build/main.o
 .sbss.next_entry
                0x0000000080012ea8        0x4 /n64_toolchain/lib/gcc/mips64-elf/11.2.0/../../../../mips64-elf/lib/libdragon.a(dragonfs.o)
 .sbss.directory_top
                0x0000000080012eac        0x4 /n64_toolchain/lib/gcc/mips64-elf/11.2.0/../../../../mips64-elf/lib/libdragon.a(dragonfs.o)
 .sbss.base_ptr
                0x0000000080012eb0        0x4 /n64_toolchain/lib/gcc/mips64-elf/11.2.0/../../../../mips64-elf/lib/libdragon.a(dragonfs.o)
 .sbss.controller_autoscan_in_progress
                0x0000000080012eb4        0x1 /n64_toolchain/lib/gcc/mips64-elf/11.2.0/../../../../mips64-elf/lib/libdragon.a(controller.o)
 *fill*         0x0000000080012eb5        0x3 
 .sbss.wait_intr
                0x0000000080012eb8        0x4 /n64_toolchain/lib/gcc/mips64-elf/11.2.0/../../../../mips64-elf/lib/libdragon.a(rdp.o)
 .sbss.rdp_end  0x0000000080012ebc        0x4 /n64_toolchain/lib/gcc/mips64-elf/11.2.0/../../../../mips64-elf/lib/libdragon.a(rdp.o)
 .sbss.rdp_start
                0x0000000080012ec0        0x4 /n64_toolchain/lib/gcc/mips64-elf/11.2.0/../../../../mips64-elf/lib/libdragon.a(rdp.o)
 .sbss.ticks64_high
                0x0000000080012ec4        0x4 /n64_toolchain/lib/gcc/mips64-elf/11.2.0/../../../../mips64-elf/lib/libdragon.a(timer.o)
                0x0000000080012ec4                ticks64_high
 .sbss.TI_timers
                0x0000000080012ec8        0x4 /n64_toolchain/lib/gcc/mips64-elf/11.2.0/../../../../mips64-elf/lib/libdragon.a(timer.o)
 .sbss.msgs_ridx
                0x0000000080012ecc        0x4 /n64_toolchain/lib/gcc/mips64-elf/11.2.0/../../../../mips64-elf/lib/libdragon.a(joybus.o)
 .sbss.msgs_widx
                0x0000000080012ed0        0x4 /n64_toolchain/lib/gcc/mips64-elf/11.2.0/../../../../mips64-elf/lib/libdragon.a(joybus.o)
 .sbss.joybus_state
                0x0000000080012ed4        0x4 /n64_toolchain/lib/gcc/mips64-elf/11.2.0/../../../../mips64-elf/lib/libdragon.a(joybus.o)
 *(.gnu.linkonce.sb.*)
 *(.scommon)
 *(.scommon.*)
                0x0000000080012ed8                . = ALIGN (0x8)

.bss            0x0000000080012f00    0x116f0
 *(.bss)
 .bss           0x0000000080012f00    0x10400 /n64_toolchain/mips64-elf/lib/libdragon.a(inthandler.o)
 .bss           0x0000000080023300       0x28 /n64_toolchain/lib/gcc/mips64-elf/11.2.0/../../../../mips64-elf/lib/libc.a(lib_a-mallocr.o)
                0x0000000080023300                __malloc_current_mallinfo
 *(.bss*)
 .bss.__safe_buffer
                0x0000000080023328        0xc /n64_toolchain/mips64-elf/lib/libdragon.a(display.o)
                0x0000000080023328                __safe_buffer
 *fill*         0x0000000080023334        0x4 
 .bss.buffer    0x0000000080023338        0xc /n64_toolchain/mips64-elf/lib/libdragon.a(display.o)
 *fill*         0x0000000080023344        0x4 
 .bss.stdio_hooks
                0x0000000080023348        0xc /n64_toolchain/mips64-elf/lib/libdragonsys.a(system.o)
 *fill*         0x0000000080023354        0x4 
 .bss.handles   0x0000000080023358      0x4b0 /n64_toolchain/mips64-elf/lib/libdragonsys.a(system.o)
 .bss.filesystems
                0x0000000080023808       0x50 /n64_toolchain/mips64-elf/lib/libdragonsys.a(system.o)
 .bss.directories
                0x0000000080023858      0x190 /n64_toolchain/lib/gcc/mips64-elf/11.2.0/../../../../mips64-elf/lib/libdragon.a(dragonfs.o)
 *fill*         0x00000000800239e8        0x8 
 .bss.open_files
                0x00000000800239f0      0x880 /n64_toolchain/lib/gcc/mips64-elf/11.2.0/../../../../mips64-elf/lib/libdragon.a(dragonfs.o)
 .bss.prev      0x0000000080024270       0x40 /n64_toolchain/lib/gcc/mips64-elf/11.2.0/../../../../mips64-elf/lib/libdragon.a(controller.o)
 .bss.current   0x00000000800242b0       0x40 /n64_toolchain/lib/gcc/mips64-elf/11.2.0/../../../../mips64-elf/lib/libdragon.a(controller.o)
 .bss.next      0x00000000800242f0       0x40 /n64_toolchain/lib/gcc/mips64-elf/11.2.0/../../../../mips64-elf/lib/libdragon.a(controller.o)
 .bss.joybus_msgs
                0x0000000080024330      0x280 /n64_toolchain/lib/gcc/mips64-elf/11.2.0/../../../../mips64-elf/lib/libdragon.a(joybus.o)
 .bss.joybus_outbuf
                0x00000000800245b0       0x40 /n64_toolchain/lib/gcc/mips64-elf/11.2.0/../../../../mips64-elf/lib/libdragon.a(joybus.o)
 *(.gnu.linkonce.b.*)
 *(COMMON)
                0x00000000800245f0                . = ALIGN (0x8)
                0x00000000800245f0                __bss_end = .
                0x00000000800245f0                . = ALIGN (0x8)
                0x00000000800245f0                end = .
LOAD /n64_toolchain/lib/gcc/mips64-elf/11.2.0/../../../../mips64-elf/lib/libstdc++.a
LOAD /n64_toolchain/lib/gcc/mips64-elf/11.2.0/../../../../mips64-elf/lib/libm.a
LOAD /n64_toolchain/lib/gcc/mips64-elf/11.2.0/../../../../mips64-elf/lib/libc.a
LOAD /n64_toolchain/lib/gcc/mips64-elf/11.2.0/libgcc.a
LOAD /n64_toolchain/lib/gcc/mips64-elf/11.2.0/libgcc.a
LOAD /n64_toolchain/lib/gcc/mips64-elf/11.2.0/crtend.o
LOAD /n64_toolchain/lib/gcc/mips64-elf/11.2.0/crtn.o
OUTPUT(build/MANDARINDEBUGGER.elf elf32-bigmips)

.reginfo        0x0000000000000000       0x18
 .reginfo       0x0000000000000000       0x18 /n64_toolchain/lib/gcc/mips64-elf/11.2.0/crti.o

.pdr            0x0000000000000000        0x0
 .pdr           0x0000000000000000        0x0 /n64_toolchain/lib/gcc/mips64-elf/11.2.0/crti.o
 .pdr           0x0000000000000000        0x0 /n64_toolchain/lib/gcc/mips64-elf/11.2.0/crtbegin.o
 .pdr           0x0000000000000000        0x0 /n64_toolchain/mips64-elf/lib/libdragon.a(inthandler.o)
 .pdr           0x0000000000000000        0x0 /n64_toolchain/lib/gcc/mips64-elf/11.2.0/../../../../mips64-elf/lib/libc.a(lib_a-impure.o)
 .pdr           0x0000000000000000        0x0 /n64_toolchain/lib/gcc/mips64-elf/11.2.0/../../../../mips64-elf/lib/libc.a(lib_a-ctype_.o)
 .pdr           0x0000000000000000        0x0 /n64_toolchain/lib/gcc/mips64-elf/11.2.0/crtend.o

.gnu.attributes
                0x0000000000000000       0x10
 .gnu.attributes
                0x0000000000000000       0x10 /n64_toolchain/lib/gcc/mips64-elf/11.2.0/crti.o
 .gnu.attributes
                0x0000000000000010       0x10 /n64_toolchain/lib/gcc/mips64-elf/11.2.0/crtbegin.o
 .gnu.attributes
                0x0000000000000020       0x10 /n64_toolchain/mips64-elf/lib/libdragon.a(debug.o)
 .gnu.attributes
                0x0000000000000030       0x10 /n64_toolchain/mips64-elf/lib/libdragon.a(console.o)
 .gnu.attributes
                0x0000000000000040       0x10 /n64_toolchain/mips64-elf/lib/libdragon.a(graphics.o)
 .gnu.attributes
                0x0000000000000050       0x10 /n64_toolchain/mips64-elf/lib/libdragon.a(dma.o)
 .gnu.attributes
                0x0000000000000060       0x10 /n64_toolchain/mips64-elf/lib/libdragon.a(do_ctors.o)
 .gnu.attributes
                0x0000000000000070       0x10 /n64_toolchain/mips64-elf/lib/libdragon.a(n64sys.o)
 .gnu.attributes
                0x0000000000000080       0x10 /n64_toolchain/mips64-elf/lib/libdragon.a(interrupt.o)
 .gnu.attributes
                0x0000000000000090       0x10 /n64_toolchain/mips64-elf/lib/libdragon.a(inthandler.o)
 .gnu.attributes
                0x00000000000000a0       0x10 /n64_toolchain/mips64-elf/lib/libdragon.a(display.o)
 .gnu.attributes
                0x00000000000000b0       0x10 /n64_toolchain/mips64-elf/lib/libdragon.a(exception.o)
 .gnu.attributes
                0x00000000000000c0       0x10 /n64_toolchain/mips64-elf/lib/libdragonsys.a(system.o)
 .gnu.attributes
                0x00000000000000d0       0x10 build/main.o
 .gnu.attributes
                0x00000000000000e0       0x10 /n64_toolchain/lib/gcc/mips64-elf/11.2.0/../../../../mips64-elf/lib/libdragon.a(dragonfs.o)
 .gnu.attributes
                0x00000000000000f0       0x10 /n64_toolchain/lib/gcc/mips64-elf/11.2.0/../../../../mips64-elf/lib/libdragon.a(controller.o)
 .gnu.attributes
                0x0000000000000100       0x10 /n64_toolchain/lib/gcc/mips64-elf/11.2.0/../../../../mips64-elf/lib/libdragon.a(rdp.o)
 .gnu.attributes
                0x0000000000000110       0x10 /n64_toolchain/lib/gcc/mips64-elf/11.2.0/../../../../mips64-elf/lib/libdragon.a(timer.o)
 .gnu.attributes
                0x0000000000000120       0x10 /n64_toolchain/lib/gcc/mips64-elf/11.2.0/../../../../mips64-elf/lib/libdragon.a(joybus.o)
 .gnu.attributes
                0x0000000000000130       0x10 /n64_toolchain/lib/gcc/mips64-elf/11.2.0/../../../../mips64-elf/lib/libc.a(lib_a-abort.o)
 .gnu.attributes
                0x0000000000000140       0x10 /n64_toolchain/lib/gcc/mips64-elf/11.2.0/../../../../mips64-elf/lib/libc.a(lib_a-fflush.o)
 .gnu.attributes
                0x0000000000000150       0x10 /n64_toolchain/lib/gcc/mips64-elf/11.2.0/../../../../mips64-elf/lib/libc.a(lib_a-findfp.o)
 .gnu.attributes
                0x0000000000000160       0x10 /n64_toolchain/lib/gcc/mips64-elf/11.2.0/../../../../mips64-elf/lib/libc.a(lib_a-fprintf.o)
 .gnu.attributes
                0x0000000000000170       0x10 /n64_toolchain/lib/gcc/mips64-elf/11.2.0/../../../../mips64-elf/lib/libc.a(lib_a-fputc.o)
 .gnu.attributes
                0x0000000000000180       0x10 /n64_toolchain/lib/gcc/mips64-elf/11.2.0/../../../../mips64-elf/lib/libc.a(lib_a-freer.o)
 .gnu.attributes
                0x0000000000000190       0x10 /n64_toolchain/lib/gcc/mips64-elf/11.2.0/../../../../mips64-elf/lib/libc.a(lib_a-fstatr.o)
 .gnu.attributes
                0x00000000000001a0       0x10 /n64_toolchain/lib/gcc/mips64-elf/11.2.0/../../../../mips64-elf/lib/libc.a(lib_a-fwalk.o)
 .gnu.attributes
                0x00000000000001b0       0x10 /n64_toolchain/lib/gcc/mips64-elf/11.2.0/../../../../mips64-elf/lib/libc.a(lib_a-fwrite.o)
 .gnu.attributes
                0x00000000000001c0       0x10 /n64_toolchain/lib/gcc/mips64-elf/11.2.0/../../../../mips64-elf/lib/libc.a(lib_a-impure.o)
 .gnu.attributes
                0x00000000000001d0       0x10 /n64_toolchain/lib/gcc/mips64-elf/11.2.0/../../../../mips64-elf/lib/libc.a(lib_a-makebuf.o)
 .gnu.attributes
                0x00000000000001e0       0x10 /n64_toolchain/lib/gcc/mips64-elf/11.2.0/../../../../mips64-elf/lib/libc.a(lib_a-malign.o)
 .gnu.attributes
                0x00000000000001f0       0x10 /n64_toolchain/lib/gcc/mips64-elf/11.2.0/../../../../mips64-elf/lib/libc.a(lib_a-malignr.o)
 .gnu.attributes
                0x0000000000000200       0x10 /n64_toolchain/lib/gcc/mips64-elf/11.2.0/../../../../mips64-elf/lib/libc.a(lib_a-malloc.o)
 .gnu.attributes
                0x0000000000000210       0x10 /n64_toolchain/lib/gcc/mips64-elf/11.2.0/../../../../mips64-elf/lib/libc.a(lib_a-mallocr.o)
 .gnu.attributes
                0x0000000000000220       0x10 /n64_toolchain/lib/gcc/mips64-elf/11.2.0/../../../../mips64-elf/lib/libc.a(lib_a-memcpy.o)
 .gnu.attributes
                0x0000000000000230       0x10 /n64_toolchain/lib/gcc/mips64-elf/11.2.0/../../../../mips64-elf/lib/libc.a(lib_a-memmove.o)
 .gnu.attributes
                0x0000000000000240       0x10 /n64_toolchain/lib/gcc/mips64-elf/11.2.0/../../../../mips64-elf/lib/libc.a(lib_a-memset.o)
 .gnu.attributes
                0x0000000000000250       0x10 /n64_toolchain/lib/gcc/mips64-elf/11.2.0/../../../../mips64-elf/lib/libc.a(lib_a-mlock.o)
 .gnu.attributes
                0x0000000000000260       0x10 /n64_toolchain/lib/gcc/mips64-elf/11.2.0/../../../../mips64-elf/lib/libc.a(lib_a-printf.o)
 .gnu.attributes
                0x0000000000000270       0x10 /n64_toolchain/lib/gcc/mips64-elf/11.2.0/../../../../mips64-elf/lib/libc.a(lib_a-putc.o)
 .gnu.attributes
                0x0000000000000280       0x10 /n64_toolchain/lib/gcc/mips64-elf/11.2.0/../../../../mips64-elf/lib/libc.a(lib_a-sbrkr.o)
 .gnu.attributes
                0x0000000000000290       0x10 /n64_toolchain/lib/gcc/mips64-elf/11.2.0/../../../../mips64-elf/lib/libc.a(lib_a-signal.o)
 .gnu.attributes
                0x00000000000002a0       0x10 /n64_toolchain/lib/gcc/mips64-elf/11.2.0/../../../../mips64-elf/lib/libc.a(lib_a-signalr.o)
 .gnu.attributes
                0x00000000000002b0       0x10 /n64_toolchain/lib/gcc/mips64-elf/11.2.0/../../../../mips64-elf/lib/libc.a(lib_a-stdio.o)
 .gnu.attributes
                0x00000000000002c0       0x10 /n64_toolchain/lib/gcc/mips64-elf/11.2.0/../../../../mips64-elf/lib/libc.a(lib_a-strcmp.o)
 .gnu.attributes
                0x00000000000002d0       0x10 /n64_toolchain/lib/gcc/mips64-elf/11.2.0/../../../../mips64-elf/lib/libc.a(lib_a-strcpy.o)
 .gnu.attributes
                0x00000000000002e0       0x10 /n64_toolchain/lib/gcc/mips64-elf/11.2.0/../../../../mips64-elf/lib/libc.a(lib_a-strlen.o)
 .gnu.attributes
                0x00000000000002f0       0x10 /n64_toolchain/lib/gcc/mips64-elf/11.2.0/../../../../mips64-elf/lib/libc.a(lib_a-vfprintf.o)
 .gnu.attributes
                0x0000000000000300       0x10 /n64_toolchain/lib/gcc/mips64-elf/11.2.0/../../../../mips64-elf/lib/libc.a(lib_a-wbuf.o)
 .gnu.attributes
                0x0000000000000310       0x10 /n64_toolchain/lib/gcc/mips64-elf/11.2.0/../../../../mips64-elf/lib/libc.a(lib_a-writer.o)
 .gnu.attributes
                0x0000000000000320       0x10 /n64_toolchain/lib/gcc/mips64-elf/11.2.0/../../../../mips64-elf/lib/libc.a(lib_a-wsetup.o)
 .gnu.attributes
                0x0000000000000330       0x10 /n64_toolchain/lib/gcc/mips64-elf/11.2.0/../../../../mips64-elf/lib/libc.a(lib_a-closer.o)
 .gnu.attributes
                0x0000000000000340       0x10 /n64_toolchain/lib/gcc/mips64-elf/11.2.0/../../../../mips64-elf/lib/libc.a(lib_a-dtoa.o)
 .gnu.attributes
                0x0000000000000350       0x10 /n64_toolchain/lib/gcc/mips64-elf/11.2.0/../../../../mips64-elf/lib/libc.a(lib_a-fclose.o)
 .gnu.attributes
                0x0000000000000360       0x10 /n64_toolchain/lib/gcc/mips64-elf/11.2.0/../../../../mips64-elf/lib/libc.a(lib_a-fvwrite.o)
 .gnu.attributes
                0x0000000000000370       0x10 /n64_toolchain/lib/gcc/mips64-elf/11.2.0/../../../../mips64-elf/lib/libc.a(lib_a-isattyr.o)
 .gnu.attributes
                0x0000000000000380       0x10 /n64_toolchain/lib/gcc/mips64-elf/11.2.0/../../../../mips64-elf/lib/libc.a(lib_a-localeconv.o)
 .gnu.attributes
                0x0000000000000390       0x10 /n64_toolchain/lib/gcc/mips64-elf/11.2.0/../../../../mips64-elf/lib/libc.a(lib_a-lseekr.o)
 .gnu.attributes
                0x00000000000003a0       0x10 /n64_toolchain/lib/gcc/mips64-elf/11.2.0/../../../../mips64-elf/lib/libc.a(lib_a-memchr.o)
 .gnu.attributes
                0x00000000000003b0       0x10 /n64_toolchain/lib/gcc/mips64-elf/11.2.0/../../../../mips64-elf/lib/libc.a(lib_a-mprec.o)
 .gnu.attributes
                0x00000000000003c0       0x10 /n64_toolchain/lib/gcc/mips64-elf/11.2.0/../../../../mips64-elf/lib/libc.a(lib_a-readr.o)
 .gnu.attributes
                0x00000000000003d0       0x10 /n64_toolchain/lib/gcc/mips64-elf/11.2.0/../../../../mips64-elf/lib/libc.a(lib_a-reallocr.o)
 .gnu.attributes
                0x00000000000003e0       0x10 /n64_toolchain/lib/gcc/mips64-elf/11.2.0/../../../../mips64-elf/lib/libc.a(lib_a-vfiprintf.o)
 .gnu.attributes
                0x00000000000003f0       0x10 /n64_toolchain/lib/gcc/mips64-elf/11.2.0/../../../../mips64-elf/lib/libc.a(lib_a-callocr.o)
 .gnu.attributes
                0x0000000000000400       0x10 /n64_toolchain/lib/gcc/mips64-elf/11.2.0/../../../../mips64-elf/lib/libc.a(lib_a-errno.o)
 .gnu.attributes
                0x0000000000000410       0x10 /n64_toolchain/lib/gcc/mips64-elf/11.2.0/../../../../mips64-elf/lib/libc.a(lib_a-fputwc.o)
 .gnu.attributes
                0x0000000000000420       0x10 /n64_toolchain/lib/gcc/mips64-elf/11.2.0/../../../../mips64-elf/lib/libc.a(lib_a-locale.o)
 .gnu.attributes
                0x0000000000000430       0x10 /n64_toolchain/lib/gcc/mips64-elf/11.2.0/../../../../mips64-elf/lib/libc.a(lib_a-mbtowc_r.o)
 .gnu.attributes
                0x0000000000000440       0x10 /n64_toolchain/lib/gcc/mips64-elf/11.2.0/../../../../mips64-elf/lib/libc.a(lib_a-wcrtomb.o)
 .gnu.attributes
                0x0000000000000450       0x10 /n64_toolchain/lib/gcc/mips64-elf/11.2.0/../../../../mips64-elf/lib/libc.a(lib_a-wctomb_r.o)
 .gnu.attributes
                0x0000000000000460       0x10 /n64_toolchain/lib/gcc/mips64-elf/11.2.0/../../../../mips64-elf/lib/libc.a(lib_a-ctype_.o)
 .gnu.attributes
                0x0000000000000470       0x10 /n64_toolchain/lib/gcc/mips64-elf/11.2.0/crtend.o

.mdebug.abiO64  0x0000000000000000        0x0
 .mdebug.abiO64
                0x0000000000000000        0x0 /n64_toolchain/lib/gcc/mips64-elf/11.2.0/crtbegin.o
 .mdebug.abiO64
                0x0000000000000000        0x0 /n64_toolchain/mips64-elf/lib/libdragon.a(debug.o)
 .mdebug.abiO64
                0x0000000000000000        0x0 /n64_toolchain/mips64-elf/lib/libdragon.a(console.o)
 .mdebug.abiO64
                0x0000000000000000        0x0 /n64_toolchain/mips64-elf/lib/libdragon.a(graphics.o)
 .mdebug.abiO64
                0x0000000000000000        0x0 /n64_toolchain/mips64-elf/lib/libdragon.a(dma.o)
 .mdebug.abiO64
                0x0000000000000000        0x0 /n64_toolchain/mips64-elf/lib/libdragon.a(do_ctors.o)
 .mdebug.abiO64
                0x0000000000000000        0x0 /n64_toolchain/mips64-elf/lib/libdragon.a(n64sys.o)
 .mdebug.abiO64
                0x0000000000000000        0x0 /n64_toolchain/mips64-elf/lib/libdragon.a(interrupt.o)
 .mdebug.abiO64
                0x0000000000000000        0x0 /n64_toolchain/mips64-elf/lib/libdragon.a(display.o)
 .mdebug.abiO64
                0x0000000000000000        0x0 /n64_toolchain/mips64-elf/lib/libdragon.a(exception.o)
 .mdebug.abiO64
                0x0000000000000000        0x0 /n64_toolchain/mips64-elf/lib/libdragonsys.a(system.o)
 .mdebug.abiO64
                0x0000000000000000        0x0 build/main.o
 .mdebug.abiO64
                0x0000000000000000        0x0 /n64_toolchain/lib/gcc/mips64-elf/11.2.0/../../../../mips64-elf/lib/libdragon.a(dragonfs.o)
 .mdebug.abiO64
                0x0000000000000000        0x0 /n64_toolchain/lib/gcc/mips64-elf/11.2.0/../../../../mips64-elf/lib/libdragon.a(controller.o)
 .mdebug.abiO64
                0x0000000000000000        0x0 /n64_toolchain/lib/gcc/mips64-elf/11.2.0/../../../../mips64-elf/lib/libdragon.a(rdp.o)
 .mdebug.abiO64
                0x0000000000000000        0x0 /n64_toolchain/lib/gcc/mips64-elf/11.2.0/../../../../mips64-elf/lib/libdragon.a(timer.o)
 .mdebug.abiO64
                0x0000000000000000        0x0 /n64_toolchain/lib/gcc/mips64-elf/11.2.0/../../../../mips64-elf/lib/libdragon.a(joybus.o)
 .mdebug.abiO64
                0x0000000000000000        0x0 /n64_toolchain/lib/gcc/mips64-elf/11.2.0/../../../../mips64-elf/lib/libc.a(lib_a-abort.o)
 .mdebug.abiO64
                0x0000000000000000        0x0 /n64_toolchain/lib/gcc/mips64-elf/11.2.0/../../../../mips64-elf/lib/libc.a(lib_a-fflush.o)
 .mdebug.abiO64
                0x0000000000000000        0x0 /n64_toolchain/lib/gcc/mips64-elf/11.2.0/../../../../mips64-elf/lib/libc.a(lib_a-findfp.o)
 .mdebug.abiO64
                0x0000000000000000        0x0 /n64_toolchain/lib/gcc/mips64-elf/11.2.0/../../../../mips64-elf/lib/libc.a(lib_a-fprintf.o)
 .mdebug.abiO64
                0x0000000000000000        0x0 /n64_toolchain/lib/gcc/mips64-elf/11.2.0/../../../../mips64-elf/lib/libc.a(lib_a-fputc.o)
 .mdebug.abiO64
                0x0000000000000000        0x0 /n64_toolchain/lib/gcc/mips64-elf/11.2.0/../../../../mips64-elf/lib/libc.a(lib_a-freer.o)
 .mdebug.abiO64
                0x0000000000000000        0x0 /n64_toolchain/lib/gcc/mips64-elf/11.2.0/../../../../mips64-elf/lib/libc.a(lib_a-fstatr.o)
 .mdebug.abiO64
                0x0000000000000000        0x0 /n64_toolchain/lib/gcc/mips64-elf/11.2.0/../../../../mips64-elf/lib/libc.a(lib_a-fwalk.o)
 .mdebug.abiO64
                0x0000000000000000        0x0 /n64_toolchain/lib/gcc/mips64-elf/11.2.0/../../../../mips64-elf/lib/libc.a(lib_a-fwrite.o)
 .mdebug.abiO64
                0x0000000000000000        0x0 /n64_toolchain/lib/gcc/mips64-elf/11.2.0/../../../../mips64-elf/lib/libc.a(lib_a-impure.o)
 .mdebug.abiO64
                0x0000000000000000        0x0 /n64_toolchain/lib/gcc/mips64-elf/11.2.0/../../../../mips64-elf/lib/libc.a(lib_a-makebuf.o)
 .mdebug.abiO64
                0x0000000000000000        0x0 /n64_toolchain/lib/gcc/mips64-elf/11.2.0/../../../../mips64-elf/lib/libc.a(lib_a-malign.o)
 .mdebug.abiO64
                0x0000000000000000        0x0 /n64_toolchain/lib/gcc/mips64-elf/11.2.0/../../../../mips64-elf/lib/libc.a(lib_a-malignr.o)
 .mdebug.abiO64
                0x0000000000000000        0x0 /n64_toolchain/lib/gcc/mips64-elf/11.2.0/../../../../mips64-elf/lib/libc.a(lib_a-malloc.o)
 .mdebug.abiO64
                0x0000000000000000        0x0 /n64_toolchain/lib/gcc/mips64-elf/11.2.0/../../../../mips64-elf/lib/libc.a(lib_a-mallocr.o)
 .mdebug.abiO64
                0x0000000000000000        0x0 /n64_toolchain/lib/gcc/mips64-elf/11.2.0/../../../../mips64-elf/lib/libc.a(lib_a-memmove.o)
 .mdebug.abiO64
                0x0000000000000000        0x0 /n64_toolchain/lib/gcc/mips64-elf/11.2.0/../../../../mips64-elf/lib/libc.a(lib_a-mlock.o)
 .mdebug.abiO64
                0x0000000000000000        0x0 /n64_toolchain/lib/gcc/mips64-elf/11.2.0/../../../../mips64-elf/lib/libc.a(lib_a-printf.o)
 .mdebug.abiO64
                0x0000000000000000        0x0 /n64_toolchain/lib/gcc/mips64-elf/11.2.0/../../../../mips64-elf/lib/libc.a(lib_a-putc.o)
 .mdebug.abiO64
                0x0000000000000000        0x0 /n64_toolchain/lib/gcc/mips64-elf/11.2.0/../../../../mips64-elf/lib/libc.a(lib_a-sbrkr.o)
 .mdebug.abiO64
                0x0000000000000000        0x0 /n64_toolchain/lib/gcc/mips64-elf/11.2.0/../../../../mips64-elf/lib/libc.a(lib_a-signal.o)
 .mdebug.abiO64
                0x0000000000000000        0x0 /n64_toolchain/lib/gcc/mips64-elf/11.2.0/../../../../mips64-elf/lib/libc.a(lib_a-signalr.o)
 .mdebug.abiO64
                0x0000000000000000        0x0 /n64_toolchain/lib/gcc/mips64-elf/11.2.0/../../../../mips64-elf/lib/libc.a(lib_a-stdio.o)
 .mdebug.abiO64
                0x0000000000000000        0x0 /n64_toolchain/lib/gcc/mips64-elf/11.2.0/../../../../mips64-elf/lib/libc.a(lib_a-strcpy.o)
 .mdebug.abiO64
                0x0000000000000000        0x0 /n64_toolchain/lib/gcc/mips64-elf/11.2.0/../../../../mips64-elf/lib/libc.a(lib_a-strlen.o)
 .mdebug.abiO64
                0x0000000000000000        0x0 /n64_toolchain/lib/gcc/mips64-elf/11.2.0/../../../../mips64-elf/lib/libc.a(lib_a-vfprintf.o)
 .mdebug.abiO64
                0x0000000000000000        0x0 /n64_toolchain/lib/gcc/mips64-elf/11.2.0/../../../../mips64-elf/lib/libc.a(lib_a-wbuf.o)
 .mdebug.abiO64
                0x0000000000000000        0x0 /n64_toolchain/lib/gcc/mips64-elf/11.2.0/../../../../mips64-elf/lib/libc.a(lib_a-writer.o)
 .mdebug.abiO64
                0x0000000000000000        0x0 /n64_toolchain/lib/gcc/mips64-elf/11.2.0/../../../../mips64-elf/lib/libc.a(lib_a-wsetup.o)
 .mdebug.abiO64
                0x0000000000000000        0x0 /n64_toolchain/lib/gcc/mips64-elf/11.2.0/../../../../mips64-elf/lib/libc.a(lib_a-closer.o)
 .mdebug.abiO64
                0x0000000000000000        0x0 /n64_toolchain/lib/gcc/mips64-elf/11.2.0/../../../../mips64-elf/lib/libc.a(lib_a-dtoa.o)
 .mdebug.abiO64
                0x0000000000000000        0x0 /n64_toolchain/lib/gcc/mips64-elf/11.2.0/../../../../mips64-elf/lib/libc.a(lib_a-fclose.o)
 .mdebug.abiO64
                0x0000000000000000        0x0 /n64_toolchain/lib/gcc/mips64-elf/11.2.0/../../../../mips64-elf/lib/libc.a(lib_a-fvwrite.o)
 .mdebug.abiO64
                0x0000000000000000        0x0 /n64_toolchain/lib/gcc/mips64-elf/11.2.0/../../../../mips64-elf/lib/libc.a(lib_a-isattyr.o)
 .mdebug.abiO64
                0x0000000000000000        0x0 /n64_toolchain/lib/gcc/mips64-elf/11.2.0/../../../../mips64-elf/lib/libc.a(lib_a-localeconv.o)
 .mdebug.abiO64
                0x0000000000000000        0x0 /n64_toolchain/lib/gcc/mips64-elf/11.2.0/../../../../mips64-elf/lib/libc.a(lib_a-lseekr.o)
 .mdebug.abiO64
                0x0000000000000000        0x0 /n64_toolchain/lib/gcc/mips64-elf/11.2.0/../../../../mips64-elf/lib/libc.a(lib_a-memchr.o)
 .mdebug.abiO64
                0x0000000000000000        0x0 /n64_toolchain/lib/gcc/mips64-elf/11.2.0/../../../../mips64-elf/lib/libc.a(lib_a-mprec.o)
 .mdebug.abiO64
                0x0000000000000000        0x0 /n64_toolchain/lib/gcc/mips64-elf/11.2.0/../../../../mips64-elf/lib/libc.a(lib_a-readr.o)
 .mdebug.abiO64
                0x0000000000000000        0x0 /n64_toolchain/lib/gcc/mips64-elf/11.2.0/../../../../mips64-elf/lib/libc.a(lib_a-reallocr.o)
 .mdebug.abiO64
                0x0000000000000000        0x0 /n64_toolchain/lib/gcc/mips64-elf/11.2.0/../../../../mips64-elf/lib/libc.a(lib_a-vfiprintf.o)
 .mdebug.abiO64
                0x0000000000000000        0x0 /n64_toolchain/lib/gcc/mips64-elf/11.2.0/../../../../mips64-elf/lib/libc.a(lib_a-callocr.o)
 .mdebug.abiO64
                0x0000000000000000        0x0 /n64_toolchain/lib/gcc/mips64-elf/11.2.0/../../../../mips64-elf/lib/libc.a(lib_a-errno.o)
 .mdebug.abiO64
                0x0000000000000000        0x0 /n64_toolchain/lib/gcc/mips64-elf/11.2.0/../../../../mips64-elf/lib/libc.a(lib_a-fputwc.o)
 .mdebug.abiO64
                0x0000000000000000        0x0 /n64_toolchain/lib/gcc/mips64-elf/11.2.0/../../../../mips64-elf/lib/libc.a(lib_a-locale.o)
 .mdebug.abiO64
                0x0000000000000000        0x0 /n64_toolchain/lib/gcc/mips64-elf/11.2.0/../../../../mips64-elf/lib/libc.a(lib_a-mbtowc_r.o)
 .mdebug.abiO64
                0x0000000000000000        0x0 /n64_toolchain/lib/gcc/mips64-elf/11.2.0/../../../../mips64-elf/lib/libc.a(lib_a-wcrtomb.o)
 .mdebug.abiO64
                0x0000000000000000        0x0 /n64_toolchain/lib/gcc/mips64-elf/11.2.0/../../../../mips64-elf/lib/libc.a(lib_a-wctomb_r.o)
 .mdebug.abiO64
                0x0000000000000000        0x0 /n64_toolchain/lib/gcc/mips64-elf/11.2.0/../../../../mips64-elf/lib/libc.a(lib_a-ctype_.o)
 .mdebug.abiO64
                0x0000000000000000        0x0 /n64_toolchain/lib/gcc/mips64-elf/11.2.0/crtend.o

.gcc_compiled_long32
                0x0000000000000000        0x0
 .gcc_compiled_long32
                0x0000000000000000        0x0 /n64_toolchain/lib/gcc/mips64-elf/11.2.0/crtbegin.o
 .gcc_compiled_long32
                0x0000000000000000        0x0 /n64_toolchain/mips64-elf/lib/libdragon.a(debug.o)
 .gcc_compiled_long32
                0x0000000000000000        0x0 /n64_toolchain/mips64-elf/lib/libdragon.a(console.o)
 .gcc_compiled_long32
                0x0000000000000000        0x0 /n64_toolchain/mips64-elf/lib/libdragon.a(graphics.o)
 .gcc_compiled_long32
                0x0000000000000000        0x0 /n64_toolchain/mips64-elf/lib/libdragon.a(dma.o)
 .gcc_compiled_long32
                0x0000000000000000        0x0 /n64_toolchain/mips64-elf/lib/libdragon.a(do_ctors.o)
 .gcc_compiled_long32
                0x0000000000000000        0x0 /n64_toolchain/mips64-elf/lib/libdragon.a(n64sys.o)
 .gcc_compiled_long32
                0x0000000000000000        0x0 /n64_toolchain/mips64-elf/lib/libdragon.a(interrupt.o)
 .gcc_compiled_long32
                0x0000000000000000        0x0 /n64_toolchain/mips64-elf/lib/libdragon.a(display.o)
 .gcc_compiled_long32
                0x0000000000000000        0x0 /n64_toolchain/mips64-elf/lib/libdragon.a(exception.o)
 .gcc_compiled_long32
                0x0000000000000000        0x0 /n64_toolchain/mips64-elf/lib/libdragonsys.a(system.o)
 .gcc_compiled_long32
                0x0000000000000000        0x0 build/main.o
 .gcc_compiled_long32
                0x0000000000000000        0x0 /n64_toolchain/lib/gcc/mips64-elf/11.2.0/../../../../mips64-elf/lib/libdragon.a(dragonfs.o)
 .gcc_compiled_long32
                0x0000000000000000        0x0 /n64_toolchain/lib/gcc/mips64-elf/11.2.0/../../../../mips64-elf/lib/libdragon.a(controller.o)
 .gcc_compiled_long32
                0x0000000000000000        0x0 /n64_toolchain/lib/gcc/mips64-elf/11.2.0/../../../../mips64-elf/lib/libdragon.a(rdp.o)
 .gcc_compiled_long32
                0x0000000000000000        0x0 /n64_toolchain/lib/gcc/mips64-elf/11.2.0/../../../../mips64-elf/lib/libdragon.a(timer.o)
 .gcc_compiled_long32
                0x0000000000000000        0x0 /n64_toolchain/lib/gcc/mips64-elf/11.2.0/../../../../mips64-elf/lib/libdragon.a(joybus.o)
 .gcc_compiled_long32
                0x0000000000000000        0x0 /n64_toolchain/lib/gcc/mips64-elf/11.2.0/../../../../mips64-elf/lib/libc.a(lib_a-abort.o)
 .gcc_compiled_long32
                0x0000000000000000        0x0 /n64_toolchain/lib/gcc/mips64-elf/11.2.0/../../../../mips64-elf/lib/libc.a(lib_a-fflush.o)
 .gcc_compiled_long32
                0x0000000000000000        0x0 /n64_toolchain/lib/gcc/mips64-elf/11.2.0/../../../../mips64-elf/lib/libc.a(lib_a-findfp.o)
 .gcc_compiled_long32
                0x0000000000000000        0x0 /n64_toolchain/lib/gcc/mips64-elf/11.2.0/../../../../mips64-elf/lib/libc.a(lib_a-fprintf.o)
 .gcc_compiled_long32
                0x0000000000000000        0x0 /n64_toolchain/lib/gcc/mips64-elf/11.2.0/../../../../mips64-elf/lib/libc.a(lib_a-fputc.o)
 .gcc_compiled_long32
                0x0000000000000000        0x0 /n64_toolchain/lib/gcc/mips64-elf/11.2.0/../../../../mips64-elf/lib/libc.a(lib_a-freer.o)
 .gcc_compiled_long32
                0x0000000000000000        0x0 /n64_toolchain/lib/gcc/mips64-elf/11.2.0/../../../../mips64-elf/lib/libc.a(lib_a-fstatr.o)
 .gcc_compiled_long32
                0x0000000000000000        0x0 /n64_toolchain/lib/gcc/mips64-elf/11.2.0/../../../../mips64-elf/lib/libc.a(lib_a-fwalk.o)
 .gcc_compiled_long32
                0x0000000000000000        0x0 /n64_toolchain/lib/gcc/mips64-elf/11.2.0/../../../../mips64-elf/lib/libc.a(lib_a-fwrite.o)
 .gcc_compiled_long32
                0x0000000000000000        0x0 /n64_toolchain/lib/gcc/mips64-elf/11.2.0/../../../../mips64-elf/lib/libc.a(lib_a-impure.o)
 .gcc_compiled_long32
                0x0000000000000000        0x0 /n64_toolchain/lib/gcc/mips64-elf/11.2.0/../../../../mips64-elf/lib/libc.a(lib_a-makebuf.o)
 .gcc_compiled_long32
                0x0000000000000000        0x0 /n64_toolchain/lib/gcc/mips64-elf/11.2.0/../../../../mips64-elf/lib/libc.a(lib_a-malign.o)
 .gcc_compiled_long32
                0x0000000000000000        0x0 /n64_toolchain/lib/gcc/mips64-elf/11.2.0/../../../../mips64-elf/lib/libc.a(lib_a-malignr.o)
 .gcc_compiled_long32
                0x0000000000000000        0x0 /n64_toolchain/lib/gcc/mips64-elf/11.2.0/../../../../mips64-elf/lib/libc.a(lib_a-malloc.o)
 .gcc_compiled_long32
                0x0000000000000000        0x0 /n64_toolchain/lib/gcc/mips64-elf/11.2.0/../../../../mips64-elf/lib/libc.a(lib_a-mallocr.o)
 .gcc_compiled_long32
                0x0000000000000000        0x0 /n64_toolchain/lib/gcc/mips64-elf/11.2.0/../../../../mips64-elf/lib/libc.a(lib_a-memmove.o)
 .gcc_compiled_long32
                0x0000000000000000        0x0 /n64_toolchain/lib/gcc/mips64-elf/11.2.0/../../../../mips64-elf/lib/libc.a(lib_a-mlock.o)
 .gcc_compiled_long32
                0x0000000000000000        0x0 /n64_toolchain/lib/gcc/mips64-elf/11.2.0/../../../../mips64-elf/lib/libc.a(lib_a-printf.o)
 .gcc_compiled_long32
                0x0000000000000000        0x0 /n64_toolchain/lib/gcc/mips64-elf/11.2.0/../../../../mips64-elf/lib/libc.a(lib_a-putc.o)
 .gcc_compiled_long32
                0x0000000000000000        0x0 /n64_toolchain/lib/gcc/mips64-elf/11.2.0/../../../../mips64-elf/lib/libc.a(lib_a-sbrkr.o)
 .gcc_compiled_long32
                0x0000000000000000        0x0 /n64_toolchain/lib/gcc/mips64-elf/11.2.0/../../../../mips64-elf/lib/libc.a(lib_a-signal.o)
 .gcc_compiled_long32
                0x0000000000000000        0x0 /n64_toolchain/lib/gcc/mips64-elf/11.2.0/../../../../mips64-elf/lib/libc.a(lib_a-signalr.o)
 .gcc_compiled_long32
                0x0000000000000000        0x0 /n64_toolchain/lib/gcc/mips64-elf/11.2.0/../../../../mips64-elf/lib/libc.a(lib_a-stdio.o)
 .gcc_compiled_long32
                0x0000000000000000        0x0 /n64_toolchain/lib/gcc/mips64-elf/11.2.0/../../../../mips64-elf/lib/libc.a(lib_a-strcpy.o)
 .gcc_compiled_long32
                0x0000000000000000        0x0 /n64_toolchain/lib/gcc/mips64-elf/11.2.0/../../../../mips64-elf/lib/libc.a(lib_a-strlen.o)
 .gcc_compiled_long32
                0x0000000000000000        0x0 /n64_toolchain/lib/gcc/mips64-elf/11.2.0/../../../../mips64-elf/lib/libc.a(lib_a-vfprintf.o)
 .gcc_compiled_long32
                0x0000000000000000        0x0 /n64_toolchain/lib/gcc/mips64-elf/11.2.0/../../../../mips64-elf/lib/libc.a(lib_a-wbuf.o)
 .gcc_compiled_long32
                0x0000000000000000        0x0 /n64_toolchain/lib/gcc/mips64-elf/11.2.0/../../../../mips64-elf/lib/libc.a(lib_a-writer.o)
 .gcc_compiled_long32
                0x0000000000000000        0x0 /n64_toolchain/lib/gcc/mips64-elf/11.2.0/../../../../mips64-elf/lib/libc.a(lib_a-wsetup.o)
 .gcc_compiled_long32
                0x0000000000000000        0x0 /n64_toolchain/lib/gcc/mips64-elf/11.2.0/../../../../mips64-elf/lib/libc.a(lib_a-closer.o)
 .gcc_compiled_long32
                0x0000000000000000        0x0 /n64_toolchain/lib/gcc/mips64-elf/11.2.0/../../../../mips64-elf/lib/libc.a(lib_a-dtoa.o)
 .gcc_compiled_long32
                0x0000000000000000        0x0 /n64_toolchain/lib/gcc/mips64-elf/11.2.0/../../../../mips64-elf/lib/libc.a(lib_a-fclose.o)
 .gcc_compiled_long32
                0x0000000000000000        0x0 /n64_toolchain/lib/gcc/mips64-elf/11.2.0/../../../../mips64-elf/lib/libc.a(lib_a-fvwrite.o)
 .gcc_compiled_long32
                0x0000000000000000        0x0 /n64_toolchain/lib/gcc/mips64-elf/11.2.0/../../../../mips64-elf/lib/libc.a(lib_a-isattyr.o)
 .gcc_compiled_long32
                0x0000000000000000        0x0 /n64_toolchain/lib/gcc/mips64-elf/11.2.0/../../../../mips64-elf/lib/libc.a(lib_a-localeconv.o)
 .gcc_compiled_long32
                0x0000000000000000        0x0 /n64_toolchain/lib/gcc/mips64-elf/11.2.0/../../../../mips64-elf/lib/libc.a(lib_a-lseekr.o)
 .gcc_compiled_long32
                0x0000000000000000        0x0 /n64_toolchain/lib/gcc/mips64-elf/11.2.0/../../../../mips64-elf/lib/libc.a(lib_a-memchr.o)
 .gcc_compiled_long32
                0x0000000000000000        0x0 /n64_toolchain/lib/gcc/mips64-elf/11.2.0/../../../../mips64-elf/lib/libc.a(lib_a-mprec.o)
 .gcc_compiled_long32
                0x0000000000000000        0x0 /n64_toolchain/lib/gcc/mips64-elf/11.2.0/../../../../mips64-elf/lib/libc.a(lib_a-readr.o)
 .gcc_compiled_long32
                0x0000000000000000        0x0 /n64_toolchain/lib/gcc/mips64-elf/11.2.0/../../../../mips64-elf/lib/libc.a(lib_a-reallocr.o)
 .gcc_compiled_long32
                0x0000000000000000        0x0 /n64_toolchain/lib/gcc/mips64-elf/11.2.0/../../../../mips64-elf/lib/libc.a(lib_a-vfiprintf.o)
 .gcc_compiled_long32
                0x0000000000000000        0x0 /n64_toolchain/lib/gcc/mips64-elf/11.2.0/../../../../mips64-elf/lib/libc.a(lib_a-callocr.o)
 .gcc_compiled_long32
                0x0000000000000000        0x0 /n64_toolchain/lib/gcc/mips64-elf/11.2.0/../../../../mips64-elf/lib/libc.a(lib_a-errno.o)
 .gcc_compiled_long32
                0x0000000000000000        0x0 /n64_toolchain/lib/gcc/mips64-elf/11.2.0/../../../../mips64-elf/lib/libc.a(lib_a-fputwc.o)
 .gcc_compiled_long32
                0x0000000000000000        0x0 /n64_toolchain/lib/gcc/mips64-elf/11.2.0/../../../../mips64-elf/lib/libc.a(lib_a-locale.o)
 .gcc_compiled_long32
                0x0000000000000000        0x0 /n64_toolchain/lib/gcc/mips64-elf/11.2.0/../../../../mips64-elf/lib/libc.a(lib_a-mbtowc_r.o)
 .gcc_compiled_long32
                0x0000000000000000        0x0 /n64_toolchain/lib/gcc/mips64-elf/11.2.0/../../../../mips64-elf/lib/libc.a(lib_a-wcrtomb.o)
 .gcc_compiled_long32
                0x0000000000000000        0x0 /n64_toolchain/lib/gcc/mips64-elf/11.2.0/../../../../mips64-elf/lib/libc.a(lib_a-wctomb_r.o)
 .gcc_compiled_long32
                0x0000000000000000        0x0 /n64_toolchain/lib/gcc/mips64-elf/11.2.0/../../../../mips64-elf/lib/libc.a(lib_a-ctype_.o)
 .gcc_compiled_long32
                0x0000000000000000        0x0 /n64_toolchain/lib/gcc/mips64-elf/11.2.0/crtend.o

.comment        0x0000000000000000       0x12
 .comment       0x0000000000000000       0x12 /n64_toolchain/lib/gcc/mips64-elf/11.2.0/crtbegin.o
                                         0x13 (size before relaxing)
 .comment       0x0000000000000012       0x13 /n64_toolchain/mips64-elf/lib/libdragon.a(debug.o)
 .comment       0x0000000000000012       0x13 /n64_toolchain/mips64-elf/lib/libdragon.a(console.o)
 .comment       0x0000000000000012       0x13 /n64_toolchain/mips64-elf/lib/libdragon.a(graphics.o)
 .comment       0x0000000000000012       0x13 /n64_toolchain/mips64-elf/lib/libdragon.a(dma.o)
 .comment       0x0000000000000012       0x13 /n64_toolchain/mips64-elf/lib/libdragon.a(do_ctors.o)
 .comment       0x0000000000000012       0x13 /n64_toolchain/mips64-elf/lib/libdragon.a(n64sys.o)
 .comment       0x0000000000000012       0x13 /n64_toolchain/mips64-elf/lib/libdragon.a(interrupt.o)
 .comment       0x0000000000000012       0x13 /n64_toolchain/mips64-elf/lib/libdragon.a(display.o)
 .comment       0x0000000000000012       0x13 /n64_toolchain/mips64-elf/lib/libdragon.a(exception.o)
 .comment       0x0000000000000012       0x13 /n64_toolchain/mips64-elf/lib/libdragonsys.a(system.o)
 .comment       0x0000000000000012       0x13 build/main.o
 .comment       0x0000000000000012       0x13 /n64_toolchain/lib/gcc/mips64-elf/11.2.0/../../../../mips64-elf/lib/libdragon.a(dragonfs.o)
 .comment       0x0000000000000012       0x13 /n64_toolchain/lib/gcc/mips64-elf/11.2.0/../../../../mips64-elf/lib/libdragon.a(controller.o)
 .comment       0x0000000000000012       0x13 /n64_toolchain/lib/gcc/mips64-elf/11.2.0/../../../../mips64-elf/lib/libdragon.a(rdp.o)
 .comment       0x0000000000000012       0x13 /n64_toolchain/lib/gcc/mips64-elf/11.2.0/../../../../mips64-elf/lib/libdragon.a(timer.o)
 .comment       0x0000000000000012       0x13 /n64_toolchain/lib/gcc/mips64-elf/11.2.0/../../../../mips64-elf/lib/libdragon.a(joybus.o)
 .comment       0x0000000000000012       0x13 /n64_toolchain/lib/gcc/mips64-elf/11.2.0/../../../../mips64-elf/lib/libc.a(lib_a-abort.o)
 .comment       0x0000000000000012       0x13 /n64_toolchain/lib/gcc/mips64-elf/11.2.0/../../../../mips64-elf/lib/libc.a(lib_a-fflush.o)
 .comment       0x0000000000000012       0x13 /n64_toolchain/lib/gcc/mips64-elf/11.2.0/../../../../mips64-elf/lib/libc.a(lib_a-findfp.o)
 .comment       0x0000000000000012       0x13 /n64_toolchain/lib/gcc/mips64-elf/11.2.0/../../../../mips64-elf/lib/libc.a(lib_a-fprintf.o)
 .comment       0x0000000000000012       0x13 /n64_toolchain/lib/gcc/mips64-elf/11.2.0/../../../../mips64-elf/lib/libc.a(lib_a-fputc.o)
 .comment       0x0000000000000012       0x13 /n64_toolchain/lib/gcc/mips64-elf/11.2.0/../../../../mips64-elf/lib/libc.a(lib_a-freer.o)
 .comment       0x0000000000000012       0x13 /n64_toolchain/lib/gcc/mips64-elf/11.2.0/../../../../mips64-elf/lib/libc.a(lib_a-fstatr.o)
 .comment       0x0000000000000012       0x13 /n64_toolchain/lib/gcc/mips64-elf/11.2.0/../../../../mips64-elf/lib/libc.a(lib_a-fwalk.o)
 .comment       0x0000000000000012       0x13 /n64_toolchain/lib/gcc/mips64-elf/11.2.0/../../../../mips64-elf/lib/libc.a(lib_a-fwrite.o)
 .comment       0x0000000000000012       0x13 /n64_toolchain/lib/gcc/mips64-elf/11.2.0/../../../../mips64-elf/lib/libc.a(lib_a-impure.o)
 .comment       0x0000000000000012       0x13 /n64_toolchain/lib/gcc/mips64-elf/11.2.0/../../../../mips64-elf/lib/libc.a(lib_a-makebuf.o)
 .comment       0x0000000000000012       0x13 /n64_toolchain/lib/gcc/mips64-elf/11.2.0/../../../../mips64-elf/lib/libc.a(lib_a-malign.o)
 .comment       0x0000000000000012       0x13 /n64_toolchain/lib/gcc/mips64-elf/11.2.0/../../../../mips64-elf/lib/libc.a(lib_a-malignr.o)
 .comment       0x0000000000000012       0x13 /n64_toolchain/lib/gcc/mips64-elf/11.2.0/../../../../mips64-elf/lib/libc.a(lib_a-malloc.o)
 .comment       0x0000000000000012       0x13 /n64_toolchain/lib/gcc/mips64-elf/11.2.0/../../../../mips64-elf/lib/libc.a(lib_a-mallocr.o)
 .comment       0x0000000000000012       0x13 /n64_toolchain/lib/gcc/mips64-elf/11.2.0/../../../../mips64-elf/lib/libc.a(lib_a-memmove.o)
 .comment       0x0000000000000012       0x13 /n64_toolchain/lib/gcc/mips64-elf/11.2.0/../../../../mips64-elf/lib/libc.a(lib_a-mlock.o)
 .comment       0x0000000000000012       0x13 /n64_toolchain/lib/gcc/mips64-elf/11.2.0/../../../../mips64-elf/lib/libc.a(lib_a-printf.o)
 .comment       0x0000000000000012       0x13 /n64_toolchain/lib/gcc/mips64-elf/11.2.0/../../../../mips64-elf/lib/libc.a(lib_a-putc.o)
 .comment       0x0000000000000012       0x13 /n64_toolchain/lib/gcc/mips64-elf/11.2.0/../../../../mips64-elf/lib/libc.a(lib_a-sbrkr.o)
 .comment       0x0000000000000012       0x13 /n64_toolchain/lib/gcc/mips64-elf/11.2.0/../../../../mips64-elf/lib/libc.a(lib_a-signal.o)
 .comment       0x0000000000000012       0x13 /n64_toolchain/lib/gcc/mips64-elf/11.2.0/../../../../mips64-elf/lib/libc.a(lib_a-signalr.o)
 .comment       0x0000000000000012       0x13 /n64_toolchain/lib/gcc/mips64-elf/11.2.0/../../../../mips64-elf/lib/libc.a(lib_a-stdio.o)
 .comment       0x0000000000000012       0x13 /n64_toolchain/lib/gcc/mips64-elf/11.2.0/../../../../mips64-elf/lib/libc.a(lib_a-strcpy.o)
 .comment       0x0000000000000012       0x13 /n64_toolchain/lib/gcc/mips64-elf/11.2.0/../../../../mips64-elf/lib/libc.a(lib_a-strlen.o)
 .comment       0x0000000000000012       0x13 /n64_toolchain/lib/gcc/mips64-elf/11.2.0/../../../../mips64-elf/lib/libc.a(lib_a-vfprintf.o)
 .comment       0x0000000000000012       0x13 /n64_toolchain/lib/gcc/mips64-elf/11.2.0/../../../../mips64-elf/lib/libc.a(lib_a-wbuf.o)